Archive member included to satisfy reference by file (symbol)

d:/mcuxpressoide_11.6.0_8187/ide/plugins/com.nxp.mcuxpresso.tools.win32_11.6.0.202112161359/tools/bin/../lib/gcc/arm-none-eabi/10.3.1/../../../../arm-none-eabi/lib/thumb/v6-m/nofp\libcr_nohost_nf.a(__ciob.o)
                              ./source/cmd.o (__Ciob)
d:/mcuxpressoide_11.6.0_8187/ide/plugins/com.nxp.mcuxpresso.tools.win32_11.6.0.202112161359/tools/bin/../lib/gcc/arm-none-eabi/10.3.1/../../../../arm-none-eabi/lib/thumb/v6-m/nofp\libcr_nohost_nf.a(_cr__main.o)
                              ./startup/startup_mkl25z4.o (__main)
d:/mcuxpressoide_11.6.0_8187/ide/plugins/com.nxp.mcuxpresso.tools.win32_11.6.0.202112161359/tools/bin/../lib/gcc/arm-none-eabi/10.3.1/../../../../arm-none-eabi/lib/thumb/v6-m/nofp\libcr_c.a(memcpy.o)
                              ./drivers/fsl_flash.o (memcpy)
d:/mcuxpressoide_11.6.0_8187/ide/plugins/com.nxp.mcuxpresso.tools.win32_11.6.0.202112161359/tools/bin/../lib/gcc/arm-none-eabi/10.3.1/../../../../arm-none-eabi/lib/thumb/v6-m/nofp\libcr_c.a(memset.o)
                              ./source/cmd.o (memset)
d:/mcuxpressoide_11.6.0_8187/ide/plugins/com.nxp.mcuxpresso.tools.win32_11.6.0.202112161359/tools/bin/../lib/gcc/arm-none-eabi/10.3.1/../../../../arm-none-eabi/lib/thumb/v6-m/nofp\libcr_c.a(__fillbuf.o)
                              ./source/cmd.o (__filbuf)
d:/mcuxpressoide_11.6.0_8187/ide/plugins/com.nxp.mcuxpresso.tools.win32_11.6.0.202112161359/tools/bin/../lib/gcc/arm-none-eabi/10.3.1/../../../../arm-none-eabi/lib/thumb/v6-m/nofp\libcr_c.a(_deferredlazyseek.o)
                              d:/mcuxpressoide_11.6.0_8187/ide/plugins/com.nxp.mcuxpresso.tools.win32_11.6.0.202112161359/tools/bin/../lib/gcc/arm-none-eabi/10.3.1/../../../../arm-none-eabi/lib/thumb/v6-m/nofp\libcr_c.a(__fillbuf.o) (_deferredlazyseek)
d:/mcuxpressoide_11.6.0_8187/ide/plugins/com.nxp.mcuxpresso.tools.win32_11.6.0.202112161359/tools/bin/../lib/gcc/arm-none-eabi/10.3.1/../../../../arm-none-eabi/lib/thumb/v6-m/nofp\libcr_c.a(_fflush.o)
                              d:/mcuxpressoide_11.6.0_8187/ide/plugins/com.nxp.mcuxpresso.tools.win32_11.6.0.202112161359/tools/bin/../lib/gcc/arm-none-eabi/10.3.1/../../../../arm-none-eabi/lib/thumb/v6-m/nofp\libcr_c.a(__fillbuf.o) (_fflush)
d:/mcuxpressoide_11.6.0_8187/ide/plugins/com.nxp.mcuxpresso.tools.win32_11.6.0.202112161359/tools/bin/../lib/gcc/arm-none-eabi/10.3.1/../../../../arm-none-eabi/lib/thumb/v6-m/nofp\libcr_c.a(_writebuf.o)
                              d:/mcuxpressoide_11.6.0_8187/ide/plugins/com.nxp.mcuxpresso.tools.win32_11.6.0.202112161359/tools/bin/../lib/gcc/arm-none-eabi/10.3.1/../../../../arm-none-eabi/lib/thumb/v6-m/nofp\libcr_c.a(_deferredlazyseek.o) (_Cwritebuf)
d:/mcuxpressoide_11.6.0_8187/ide/plugins/com.nxp.mcuxpresso.tools.win32_11.6.0.202112161359/tools/bin/../lib/gcc/arm-none-eabi/10.3.1/../../../../arm-none-eabi/lib/thumb/v6-m/nofp\libcr_c.a(acos.o)
                              ./source/accel.o (acos)
d:/mcuxpressoide_11.6.0_8187/ide/plugins/com.nxp.mcuxpresso.tools.win32_11.6.0.202112161359/tools/bin/../lib/gcc/arm-none-eabi/10.3.1/../../../../arm-none-eabi/lib/thumb/v6-m/nofp\libcr_c.a(alloc.o)
                              d:/mcuxpressoide_11.6.0_8187/ide/plugins/com.nxp.mcuxpresso.tools.win32_11.6.0.202112161359/tools/bin/../lib/gcc/arm-none-eabi/10.3.1/../../../../arm-none-eabi/lib/thumb/v6-m/nofp\libcr_c.a(__fillbuf.o) (_Csys_alloc)
d:/mcuxpressoide_11.6.0_8187/ide/plugins/com.nxp.mcuxpresso.tools.win32_11.6.0.202112161359/tools/bin/../lib/gcc/arm-none-eabi/10.3.1/../../../../arm-none-eabi/lib/thumb/v6-m/nofp\libcr_c.a(fabs.o)
                              ./source/cmd.o (fabs)
d:/mcuxpressoide_11.6.0_8187/ide/plugins/com.nxp.mcuxpresso.tools.win32_11.6.0.202112161359/tools/bin/../lib/gcc/arm-none-eabi/10.3.1/../../../../arm-none-eabi/lib/thumb/v6-m/nofp\libcr_c.a(fseek.o)
                              d:/mcuxpressoide_11.6.0_8187/ide/plugins/com.nxp.mcuxpresso.tools.win32_11.6.0.202112161359/tools/bin/../lib/gcc/arm-none-eabi/10.3.1/../../../../arm-none-eabi/lib/thumb/v6-m/nofp\libcr_c.a(_deferredlazyseek.o) (fseek)
d:/mcuxpressoide_11.6.0_8187/ide/plugins/com.nxp.mcuxpresso.tools.win32_11.6.0.202112161359/tools/bin/../lib/gcc/arm-none-eabi/10.3.1/../../../../arm-none-eabi/lib/thumb/v6-m/nofp\libcr_c.a(ftell.o)
                              d:/mcuxpressoide_11.6.0_8187/ide/plugins/com.nxp.mcuxpresso.tools.win32_11.6.0.202112161359/tools/bin/../lib/gcc/arm-none-eabi/10.3.1/../../../../arm-none-eabi/lib/thumb/v6-m/nofp\libcr_c.a(fseek.o) (ftell)
d:/mcuxpressoide_11.6.0_8187/ide/plugins/com.nxp.mcuxpresso.tools.win32_11.6.0.202112161359/tools/bin/../lib/gcc/arm-none-eabi/10.3.1/../../../../arm-none-eabi/lib/thumb/v6-m/nofp\libcr_c.a(initio.o)
[...]
Memory Configuration

Name             Origin             Length             Attributes
PROGRAM_FLASH    0x00000000         0x00020000         xr
SRAM             0x1ffff000         0x00004000         xrw
*default*        0x00000000         0xffffffff

Linker script and memory map

LOAD ./utilities/fsl_debug_console.o
LOAD ./startup/startup_mkl25z4.o
LOAD ./source/DigitalAngleGauge.o
LOAD ./source/accel.o
LOAD ./source/cbfifo.o
LOAD ./source/cmd.o
LOAD ./source/i2c.o
LOAD ./source/led.o
LOAD ./source/mtb.o
LOAD ./source/semihost_hardfault.o
LOAD ./source/systick.o
LOAD ./source/test_accel.o
LOAD ./source/test_cbfifo.o
LOAD ./source/test_led.o
LOAD ./source/uart.o
LOAD ./drivers/fsl_clock.o
LOAD ./drivers/fsl_common.o
LOAD ./drivers/fsl_flash.o
LOAD ./drivers/fsl_gpio.o
LOAD ./drivers/fsl_lpsci.o
LOAD ./drivers/fsl_smc.o
LOAD ./drivers/fsl_uart.o
LOAD ./board/board.o
LOAD ./board/clock_config.o
LOAD ./board/peripherals.o
LOAD ./board/pin_mux.o
LOAD ./CMSIS/system_MKL25Z4.o
START GROUP
LOAD d:/mcuxpressoide_11.6.0_8187/ide/plugins/com.nxp.mcuxpresso.tools.win32_11.6.0.202112161359/tools/bin/../lib/gcc/arm-none-eabi/10.3.1/../../../../arm-none-eabi/lib/thumb/v6-m/nofp\libcr_nohost_nf.a
LOAD d:/mcuxpressoide_11.6.0_8187/ide/plugins/com.nxp.mcuxpresso.tools.win32_11.6.0.202112161359/tools/bin/../lib/gcc/arm-none-eabi/10.3.1/../../../../arm-none-eabi/lib/thumb/v6-m/nofp\libcr_c.a
LOAD d:/mcuxpressoide_11.6.0_8187/ide/plugins/com.nxp.mcuxpresso.tools.win32_11.6.0.202112161359/tools/bin/../lib/gcc/arm-none-eabi/10.3.1/thumb/v6-m/nofp\libcr_eabihelpers.a
LOAD d:/mcuxpressoide_11.6.0_8187/ide/plugins/com.nxp.mcuxpresso.tools.win32_11.6.0.202112161359/tools/bin/../lib/gcc/arm-none-eabi/10.3.1/thumb/v6-m/nofp\libgcc.a
END GROUP
                0x00000000                __base_PROGRAM_FLASH = 0x0
                0x00000000                __base_Flash = 0x0
                0x00020000                __top_PROGRAM_FLASH = 0x20000
                0x00020000                __top_Flash = 0x20000
                0x1ffff000                __base_SRAM = 0x1ffff000
                0x1ffff000                __base_RAM = 0x1ffff000
                0x20003000                __top_SRAM = 0x20003000
                0x20003000                __top_RAM = 0x20003000

.text           0x00000000     0xd29c
 FILL mask 0xff
                0x00000000                __vectors_start__ = ABSOLUTE (.)
 *(SORT_BY_ALIGNMENT(.isr_vector))
 .isr_vector    0x00000000       0xc0 ./startup/startup_mkl25z4.o
                0x00000000                g_pfnVectors
                0x00000000                __Vectors
                0x000000c0                . = ALIGN (0x4)
                0x000000c0                __section_table_start = .
                0x000000c0                __data_section_table = .
                0x000000c0        0x4 LONG 0xd29c LOADADDR (.data)
                0x000000c4        0x4 LONG 0x1ffff080 ADDR (.data)
                0x000000c8        0x4 LONG 0x40 SIZEOF (.data)
                0x000000cc                __data_section_table_end = .
                0x000000cc                __bss_section_table = .
                0x000000cc        0x4 LONG 0x1ffff0c0 ADDR (.bss)
                0x000000d0        0x4 LONG 0x340 SIZEOF (.bss)
                0x000000d4                __bss_section_table_end = .
                0x000000d4                __section_table_end = .
 *(SORT_BY_ALIGNMENT(.after_vectors*))
 .after_vectors.reset
                0x000000d4       0x4c ./startup/startup_mkl25z4.o
                0x000000d4                ResetISR
 .after_vectors.init_data
                0x00000120       0x12 ./startup/startup_mkl25z4.o
                0x00000120                data_init
 .after_vectors.init_bss
                0x00000132       0x10 ./startup/startup_mkl25z4.o
                0x00000132                bss_init
 .after_vectors
                0x00000142      0x10c ./startup/startup_mkl25z4.o
                0x00000142                NMI_Handler
                0x00000146                SVC_Handler
                0x00000148                PendSV_Handler
                0x0000014c                SPI1_DriverIRQHandler
                0x0000014c                LPTMR0_DriverIRQHandler
                0x0000014c                DMA0_DriverIRQHandler
                0x0000014c                I2C0_DriverIRQHandler
                0x0000014c                Reserved39_DriverIRQHandler
                0x0000014c                PORTD_DriverIRQHandler
                0x0000014c                DMA2_DriverIRQHandler
                0x0000014c                CMP0_DriverIRQHandler
                0x0000014c                TPM2_DriverIRQHandler
                0x0000014c                ADC0_DriverIRQHandler
                0x0000014c                SPI0_DriverIRQHandler
                0x0000014c                TSI0_DriverIRQHandler
                0x0000014c                RTC_Seconds_DriverIRQHandler
                0x0000014c                I2C1_DriverIRQHandler
                0x0000014c                LLWU_DriverIRQHandler
                0x0000014c                MCG_DriverIRQHandler
                0x0000014c                DMA1_DriverIRQHandler
                0x0000014c                PIT_DriverIRQHandler
                0x0000014c                RTC_DriverIRQHandler
                0x0000014c                FTFA_DriverIRQHandler
                0x0000014c                IntDefaultHandler
                0x0000014c                USB0_DriverIRQHandler
                0x0000014c                DAC0_DriverIRQHandler
                0x0000014c                TPM1_DriverIRQHandler
                0x0000014c                LVD_LVW_DriverIRQHandler
                0x0000014c                TPM0_DriverIRQHandler
                0x0000014c                PORTA_DriverIRQHandler
                0x0000014c                Reserved45_DriverIRQHandler
                0x0000014c                Reserved20_DriverIRQHandler
                0x0000014c                DMA3_DriverIRQHandler
                0x0000014e                DMA0_IRQHandler
                0x00000156                DMA1_IRQHandler
                0x0000015e                DMA2_IRQHandler
                0x00000166                DMA3_IRQHandler
                0x0000016e                Reserved20_IRQHandler
                0x00000176                FTFA_IRQHandler
                0x0000017e                LVD_LVW_IRQHandler
                0x00000186                LLWU_IRQHandler
                0x0000018e                I2C0_IRQHandler
                0x00000196                I2C1_IRQHandler
                0x0000019e                SPI0_IRQHandler
                0x000001a6                SPI1_IRQHandler
                0x000001b6                UART1_IRQHandler
                0x000001be                UART2_IRQHandler
                0x000001c6                ADC0_IRQHandler
                0x000001ce                CMP0_IRQHandler
                0x000001d6                TPM0_IRQHandler
                0x000001de                TPM1_IRQHandler
                0x000001e6                TPM2_IRQHandler
                0x000001ee                RTC_IRQHandler
                0x000001f6                RTC_Seconds_IRQHandler
                0x000001fe                PIT_IRQHandler
                0x00000206                Reserved39_IRQHandler
                0x0000020e                USB0_IRQHandler
                0x00000216                DAC0_IRQHandler
                0x0000021e                TSI0_IRQHandler
                0x00000226                MCG_IRQHandler
                0x0000022e                LPTMR0_IRQHandler
                0x00000236                Reserved45_IRQHandler
                0x0000023e                PORTA_IRQHandler
                0x00000246                PORTD_IRQHandler
                0x00000400                . = 0x400
 *fill*         0x0000024e      0x1b2 ff
                0x00000400                PROVIDE (__FLASH_CONFIG_START__ = .)
 *(SORT_BY_ALIGNMENT(.FlashConfig))
 .FlashConfig   0x00000400       0x10 ./startup/startup_mkl25z4.o
                0x00000400                Flash_Config
                0x00000410                PROVIDE (__FLASH_CONFIG_END__ = .)
                0x00000001                ASSERT (! ((__FLASH_CONFIG_START__ == __FLASH_CONFIG_END__)), Linker Flash Config Support Enabled, but no .FlashConfig section provided within application)
 *(SORT_BY_ALIGNMENT(.text*))
 .text.DbgConsole_Init
                0x00000410       0xf4 ./utilities/fsl_debug_console.o
                0x00000410                DbgConsole_Init
 .text.DbgConsole_Printf
                0x00000504       0x44 ./utilities/fsl_debug_console.o
                0x00000504                DbgConsole_Printf
 .text.DbgConsole_Putchar
                0x00000548       0x34 ./utilities/fsl_debug_console.o
                0x00000548                DbgConsole_Putchar
 .text.main     0x0000057c       0x88 ./source/DigitalAngleGauge.o
                0x0000057c                main
 .text.measure_axes
                0x00000604      0x11c ./source/accel.o
                0x00000604                measure_axes
 .text.convert_axes_to_tilt
                0x00000720      0x150 ./source/accel.o
                0x00000720                convert_axes_to_tilt
 .text.cbfifo_length
                0x00000870       0x28 ./source/cbfifo.o
                0x00000870                cbfifo_length
 .text.cbfifo_enqueue
                0x00000898      0x180 ./source/cbfifo.o
                0x00000898                cbfifo_enqueue
 .text.cbfifo_dequeue
                0x00000a18      0x174 ./source/cbfifo.o
                0x00000a18                cbfifo_dequeue
 .text.cbfifo_reset
                0x00000b8c       0x88 ./source/cbfifo.o
                0x00000b8c                cbfifo_reset
 .text.pre_process_command
                0x00000c14      0x104 ./source/cmd.o
                0x00000c14                pre_process_command
 .text.process_command
                0x00000d18      0x174 ./source/cmd.o
                0x00000d18                process_command
 .text.Handle_Author
                0x00000e8c       0x30 ./source/cmd.o
                0x00000e8c                Handle_Author
 .text.Handle_Help
                0x00000ebc       0xb0 ./source/cmd.o
                0x00000ebc                Handle_Help
 .text.Handle_Angle
                0x00000f6c      0x10c ./source/cmd.o
                0x00000f6c                Handle_Angle
 .text.Handle_Calibrate
                0x00001078       0x68 ./source/cmd.o
                0x00001078                Handle_Calibrate
 .text.Handle_Reset
                0x000010e0       0x2c ./source/cmd.o
                0x000010e0                Handle_Reset
 .text.Init_I2C
                0x0000110c       0x84 ./source/i2c.o
                0x0000110c                Init_I2C
 .text.Set_I2C  0x00001190      0x174 ./source/i2c.o
                0x00001190                Set_I2C
 .text.i2c_wait
                0x00001304       0x6c ./source/i2c.o
                0x00001304                i2c_wait
 .text.Start_I2C
                0x00001370       0x30 ./source/i2c.o
                0x00001370                Start_I2C
 .text.Set_Read_I2C
                0x000013a0       0x68 ./source/i2c.o
                0x000013a0                Set_Read_I2C
 .text.Multiple_Read_I2C
                0x00001408       0x80 ./source/i2c.o
                0x00001408                Multiple_Read_I2C
 .text.Read_I2C
                0x00001488       0xc4 ./source/i2c.o
                0x00001488                Read_I2C
 .text.Write_I2C
                0x0000154c       0x80 ./source/i2c.o
                0x0000154c                Write_I2C
 .text.LED_Color_Config
                0x000015cc       0x44 ./source/led.o
                0x000015cc                LED_Color_Config
 .text.Init_Blue_LED_PWM
                0x00001610       0xa8 ./source/led.o
                0x00001610                Init_Blue_LED_PWM
 .text.Init_Red_LED_PWM
                0x000016b8       0xa8 ./source/led.o
                0x000016b8                Init_Red_LED_PWM
 .text.Init_Green_LED_PWM
                0x00001760       0xa8 ./source/led.o
                0x00001760                Init_Green_LED_PWM
 .text.LED_ON   0x00001808       0xe8 ./source/led.o
                0x00001808                LED_ON
 .text.LED_OFF  0x000018f0       0x24 ./source/led.o
                0x000018f0                LED_OFF
 .text.test_LED_ON
                0x00001914       0x30 ./source/led.o
                0x00001914                test_LED_ON
 .text.HardFault_Handler
                0x00001944       0x30 ./source/semihost_hardfault.o
                0x00001944                HardFault_Handler
 .text.NVIC_SetPriority
                0x00001974       0xdc ./source/systick.o
 .text.Init_SysTick
                0x00001a50       0x30 ./source/systick.o
                0x00001a50                Init_SysTick
 .text.sysclock_init
                0x00001a80       0x78 ./source/systick.o
                0x00001a80                sysclock_init
 .text.SysTick_Handler
                0x00001af8       0x28 ./source/systick.o
                0x00001af8                SysTick_Handler
 .text.reset_timer
                0x00001b20       0x20 ./source/systick.o
                0x00001b20                reset_timer
 .text.delay    0x00001b40       0x28 ./source/systick.o
                0x00001b40                delay
 .text.self_test_accelerometer
                0x00001b68      0x15c ./source/test_accel.o
                0x00001b68                self_test_accelerometer
 .text.test_accelerometer
                0x00001cc4       0x44 ./source/test_accel.o
                0x00001cc4                test_accelerometer
 .text.test_cbfifo
                0x00001d08     0x23c8 ./source/test_cbfifo.o
                0x00001d08                test_cbfifo
 .text.test_tpm_led
                0x000040d0       0xa0 ./source/test_led.o
                0x000040d0                test_tpm_led
 .text.NVIC_EnableIRQ
                0x00004170       0x2c ./source/uart.o
 .text.NVIC_ClearPendingIRQ
                0x0000419c       0x30 ./source/uart.o
 .text.NVIC_SetPriority
                0x000041cc       0xdc ./source/uart.o
 .text.Init_UART0
                0x000042a8      0x160 ./source/uart.o
                0x000042a8                Init_UART0
 .text.UART0_IRQHandler
                0x00004408       0xbc ./source/uart.o
                0x00004408                UART0_IRQHandler
 .text.__sys_write
                0x000044c4       0x78 ./source/uart.o
                0x000044c4                __sys_write
 .text.CLOCK_SetEr32kClock
                0x0000453c       0x34 ./drivers/fsl_clock.o
 .text.CLOCK_SetPllFllSelClock
                0x00004570       0x38 ./drivers/fsl_clock.o
 .text.CLOCK_GetMcgExtClkFreq
                0x000045a8       0x28 ./drivers/fsl_clock.o
 .text.CLOCK_GetFllExtRefClkFreq
                0x000045d0       0xa8 ./drivers/fsl_clock.o
 .text.CLOCK_GetFllRefClkFreq
                0x00004678       0x2c ./drivers/fsl_clock.o
 .text.CLOCK_GetOscRangeFromFreq
                0x000046a4       0x4c ./drivers/fsl_clock.o
 .text.CLOCK_GetPllFllSelClkFreq
                0x000046f0       0x4c ./drivers/fsl_clock.o
                0x000046f0                CLOCK_GetPllFllSelClkFreq
 .text.CLOCK_SetSimConfig
                0x0000473c       0x38 ./drivers/fsl_clock.o
                0x0000473c                CLOCK_SetSimConfig
 .text.CLOCK_GetFllFreq
                0x00004774       0x84 ./drivers/fsl_clock.o
                0x00004774                CLOCK_GetFllFreq
 .text.CLOCK_GetPll0Freq
                0x000047f8       0x70 ./drivers/fsl_clock.o
                0x000047f8                CLOCK_GetPll0Freq
 .text.CLOCK_SetInternalRefClkConfig
                0x00004868      0x124 ./drivers/fsl_clock.o
                0x00004868                CLOCK_SetInternalRefClkConfig
 .text.CLOCK_EnablePll0
                0x0000498c       0x94 ./drivers/fsl_clock.o
                0x0000498c                CLOCK_EnablePll0
 .text.CLOCK_InitOsc0
                0x00004a20       0x94 ./drivers/fsl_clock.o
                0x00004a20                CLOCK_InitOsc0
 .text.CLOCK_SetPbeMode
                0x00004ab4       0xb0 ./drivers/fsl_clock.o
                0x00004ab4                CLOCK_SetPbeMode
 .text.CLOCK_BootToPeeMode
                0x00004b64       0x70 ./drivers/fsl_clock.o
                0x00004b64                CLOCK_BootToPeeMode
 .text.__assertion_failed
                0x00004bd4       0x1c ./drivers/fsl_common.o
                0x00004bd4                __assertion_failed
 .text.CLOCK_EnableClock
                0x00004bf0       0x34 ./drivers/fsl_lpsci.o
 .text.LPSCI_GetInstance
                0x00004c24       0x48 ./drivers/fsl_lpsci.o
                0x00004c24                LPSCI_GetInstance
 .text.LPSCI_Init
                0x00004c6c      0x258 ./drivers/fsl_lpsci.o
                0x00004c6c                LPSCI_Init
 .text.LPSCI_GetDefaultConfig
                0x00004ec4       0x44 ./drivers/fsl_lpsci.o
                0x00004ec4                LPSCI_GetDefaultConfig
 .text.LPSCI_ClearStatusFlags
                0x00004f08       0x94 ./drivers/fsl_lpsci.o
                0x00004f08                LPSCI_ClearStatusFlags
 .text.LPSCI_WriteBlocking
                0x00004f9c       0x4c ./drivers/fsl_lpsci.o
                0x00004f9c                LPSCI_WriteBlocking
 .text.LPSCI_ReadBlocking
                0x00004fe8       0xc0 ./drivers/fsl_lpsci.o
                0x00004fe8                LPSCI_ReadBlocking
 .text.UART0_DriverIRQHandler
                0x000050a8       0x24 ./drivers/fsl_lpsci.o
                0x000050a8                UART0_DriverIRQHandler
 .text.CLOCK_EnableClock
                0x000050cc       0x34 ./drivers/fsl_uart.o
 .text.UART_GetInstance
                0x00005100       0x54 ./drivers/fsl_uart.o
                0x00005100                UART_GetInstance
 .text.UART_Init
                0x00005154      0x1e0 ./drivers/fsl_uart.o
                0x00005154                UART_Init
 .text.UART_GetDefaultConfig
                0x00005334       0x44 ./drivers/fsl_uart.o
                0x00005334                UART_GetDefaultConfig
 .text.UART_ReadBlocking
                0x00005378       0x98 ./drivers/fsl_uart.o
                0x00005378                UART_ReadBlocking
 .text.UART1_DriverIRQHandler
                0x00005410       0x24 ./drivers/fsl_uart.o
                0x00005410                UART1_DriverIRQHandler
 .text.UART2_DriverIRQHandler
                0x00005434       0x24 ./drivers/fsl_uart.o
                0x00005434                UART2_DriverIRQHandler
 .text.CLOCK_SetLpsci0Clock
                0x00005458       0x38 ./board/board.o
 .text.BOARD_InitDebugConsole
                0x00005490       0x30 ./board/board.o
                0x00005490                BOARD_InitDebugConsole
 .text.CLOCK_SetSimSafeDivs
                0x000054c0       0x20 ./board/clock_config.o
 .text.CLOCK_SetXtal0Freq
                0x000054e0       0x1c ./board/clock_config.o
 .text.CLOCK_CONFIG_SetFllExtRefDiv
                0x000054fc       0x3c ./board/clock_config.o
 .text.BOARD_BootClockRUN
                0x00005538       0x64 ./board/clock_config.o
                0x00005538                BOARD_BootClockRUN
 .text.CLOCK_EnableClock
                0x0000559c       0x34 ./board/pin_mux.o
 .text.PORT_SetPinMux
                0x000055d0       0x40 ./board/pin_mux.o
 .text.BOARD_InitPins
                0x00005610       0x4c ./board/pin_mux.o
                0x00005610                BOARD_InitPins
 .text.SystemInit
                0x0000565c       0x18 ./CMSIS/system_MKL25Z4.o
                0x0000565c                SystemInit
 .text.__filbuf
                0x00005674      0x188 d:/mcuxpressoide_11.6.0_8187/ide/plugins/com.nxp.mcuxpresso.tools.win32_11.6.0.202112161359/tools/bin/../lib/gcc/arm-none-eabi/10.3.1/../../../../arm-none-eabi/lib/thumb/v6-m/nofp\libcr_c.a(__fillbuf.o)
                0x00005674                __filbuf
 .text._deferredlazyseek
                0x000057fc       0x40 d:/mcuxpressoide_11.6.0_8187/ide/plugins/com.nxp.mcuxpresso.tools.win32_11.6.0.202112161359/tools/bin/../lib/gcc/arm-none-eabi/10.3.1/../../../../arm-none-eabi/lib/thumb/v6-m/nofp\libcr_c.a(_deferredlazyseek.o)
                0x000057fc                _deferredlazyseek
 .text.__flsbuf
                0x0000583c      0x150 d:/mcuxpressoide_11.6.0_8187/ide/plugins/com.nxp.mcuxpresso.tools.win32_11.6.0.202112161359/tools/bin/../lib/gcc/arm-none-eabi/10.3.1/../../../../arm-none-eabi/lib/thumb/v6-m/nofp\libcr_c.a(_deferredlazyseek.o)
                0x0000583c                __flsbuf
 .text._fflush  0x0000598c       0x60 d:/mcuxpressoide_11.6.0_8187/ide/plugins/com.nxp.mcuxpresso.tools.win32_11.6.0.202112161359/tools/bin/../lib/gcc/arm-none-eabi/10.3.1/../../../../arm-none-eabi/lib/thumb/v6-m/nofp\libcr_c.a(_fflush.o)
                0x0000598c                _fflush
 .text._Cwritebuf
                0x000059ec       0x68 d:/mcuxpressoide_11.6.0_8187/ide/plugins/com.nxp.mcuxpresso.tools.win32_11.6.0.202112161359/tools/bin/../lib/gcc/arm-none-eabi/10.3.1/../../../../arm-none-eabi/lib/thumb/v6-m/nofp\libcr_c.a(_writebuf.o)
                0x000059ec                _Cwritebuf
 .text.malloc   0x00005a54       0xcc d:/mcuxpressoide_11.6.0_8187/ide/plugins/com.nxp.mcuxpresso.tools.win32_11.6.0.202112161359/tools/bin/../lib/gcc/arm-none-eabi/10.3.1/../../../../arm-none-eabi/lib/thumb/v6-m/nofp\libcr_c.a(alloc.o)
                0x00005a54                malloc
 .text._Csys_alloc
                0x00005b20       0x20 d:/mcuxpressoide_11.6.0_8187/ide/plugins/com.nxp.mcuxpresso.tools.win32_11.6.0.202112161359/tools/bin/../lib/gcc/arm-none-eabi/10.3.1/../../../../arm-none-eabi/lib/thumb/v6-m/nofp\libcr_c.a(alloc.o)
                0x00005b20                _Csys_alloc
 .text.fseek    0x00005b40       0xf0 d:/mcuxpressoide_11.6.0_8187/ide/plugins/com.nxp.mcuxpresso.tools.win32_11.6.0.202112161359/tools/bin/../lib/gcc/arm-none-eabi/10.3.1/../../../../arm-none-eabi/lib/thumb/v6-m/nofp\libcr_c.a(fseek.o)
                0x00005b40                fseek
 .text.ftell    0x00005c30       0x48 d:/mcuxpressoide_11.6.0_8187/ide/plugins/com.nxp.mcuxpresso.tools.win32_11.6.0.202112161359/tools/bin/../lib/gcc/arm-none-eabi/10.3.1/../../../../arm-none-eabi/lib/thumb/v6-m/nofp\libcr_c.a(ftell.o)
                0x00005c30                ftell
 .text._initio  0x00005c78       0x7c d:/mcuxpressoide_11.6.0_8187/ide/plugins/com.nxp.mcuxpresso.tools.win32_11.6.0.202112161359/tools/bin/../lib/gcc/arm-none-eabi/10.3.1/../../../../arm-none-eabi/lib/thumb/v6-m/nofp\libcr_c.a(initio.o)
                0x00005c78                _initio
 .text.__vfprintf
                0x00005cf4      0xd40 d:/mcuxpressoide_11.6.0_8187/ide/plugins/com.nxp.mcuxpresso.tools.win32_11.6.0.202112161359/tools/bin/../lib/gcc/arm-none-eabi/10.3.1/../../../../arm-none-eabi/lib/thumb/v6-m/nofp\libcr_c.a(printf.o)
                0x00005cf4                __vfprintf
 .text._vsnprintf
                0x00006a34       0x70 d:/mcuxpressoide_11.6.0_8187/ide/plugins/com.nxp.mcuxpresso.tools.win32_11.6.0.202112161359/tools/bin/../lib/gcc/arm-none-eabi/10.3.1/../../../../arm-none-eabi/lib/thumb/v6-m/nofp\libcr_c.a(printf.o)
                0x00006a34                _vsnprintf
 .text._printf  0x00006aa4       0x50 d:/mcuxpressoide_11.6.0_8187/ide/plugins/com.nxp.mcuxpresso.tools.win32_11.6.0.202112161359/tools/bin/../lib/gcc/arm-none-eabi/10.3.1/../../../../arm-none-eabi/lib/thumb/v6-m/nofp\libcr_c.a(printf.o)
                0x00006aa4                _printf
 .text.ch_val   0x00006af4       0x30 d:/mcuxpressoide_11.6.0_8187/ide/plugins/com.nxp.mcuxpresso.tools.win32_11.6.0.202112161359/tools/bin/../lib/gcc/arm-none-eabi/10.3.1/../../../../arm-none-eabi/lib/thumb/v6-m/nofp\libcr_c.a(scanf.o)
 .text.cr_rd_int
                0x00006b24      0x1c8 d:/mcuxpressoide_11.6.0_8187/ide/plugins/com.nxp.mcuxpresso.tools.win32_11.6.0.202112161359/tools/bin/../lib/gcc/arm-none-eabi/10.3.1/../../../../arm-none-eabi/lib/thumb/v6-m/nofp\libcr_c.a(scanf.o)
 .text.vfscanf  0x00006cec      0x958 d:/mcuxpressoide_11.6.0_8187/ide/plugins/com.nxp.mcuxpresso.tools.win32_11.6.0.202112161359/tools/bin/../lib/gcc/arm-none-eabi/10.3.1/../../../../arm-none-eabi/lib/thumb/v6-m/nofp\libcr_c.a(scanf.o)
                0x00006cec                vfscanf
 .text.setvbuf  0x00007644       0x4c d:/mcuxpressoide_11.6.0_8187/ide/plugins/com.nxp.mcuxpresso.tools.win32_11.6.0.202112161359/tools/bin/../lib/gcc/arm-none-eabi/10.3.1/../../../../arm-none-eabi/lib/thumb/v6-m/nofp\libcr_c.a(setvbuf.o)
                0x00007644                setvbuf
 .text.sqrt     0x00007690      0x134 d:/mcuxpressoide_11.6.0_8187/ide/plugins/com.nxp.mcuxpresso.tools.win32_11.6.0.202112161359/tools/bin/../lib/gcc/arm-none-eabi/10.3.1/../../../../arm-none-eabi/lib/thumb/v6-m/nofp\libcr_c.a(sqrt.o)
                0x00007690                sqrt
 .text.strlen   0x000077c4       0x58 d:/mcuxpressoide_11.6.0_8187/ide/plugins/com.nxp.mcuxpresso.tools.win32_11.6.0.202112161359/tools/bin/../lib/gcc/arm-none-eabi/10.3.1/../../../../arm-none-eabi/lib/thumb/v6-m/nofp\libcr_c.a(strlen.o)
                0x000077c4                strlen
 .text.strncmp  0x0000781c       0x50 d:/mcuxpressoide_11.6.0_8187/ide/plugins/com.nxp.mcuxpresso.tools.win32_11.6.0.202112161359/tools/bin/../lib/gcc/arm-none-eabi/10.3.1/../../../../arm-none-eabi/lib/thumb/v6-m/nofp\libcr_c.a(strncmp.o)
                0x0000781c                strncmp
 .text.ungetc   0x0000786c       0x3c d:/mcuxpressoide_11.6.0_8187/ide/plugins/com.nxp.mcuxpresso.tools.win32_11.6.0.202112161359/tools/bin/../lib/gcc/arm-none-eabi/10.3.1/../../../../arm-none-eabi/lib/thumb/v6-m/nofp\libcr_c.a(ungetc.o)
                0x0000786c                ungetc
 .text._asinacos
                0x000078a8      0x270 d:/mcuxpressoide_11.6.0_8187/ide/plugins/com.nxp.mcuxpresso.tools.win32_11.6.0.202112161359/tools/bin/../lib/gcc/arm-none-eabi/10.3.1/../../../../arm-none-eabi/lib/thumb/v6-m/nofp\libcr_c.a(_asinacos.o)
                0x000078a8                _asinacos
 .text._sbrk    0x00007b18       0x44 d:/mcuxpressoide_11.6.0_8187/ide/plugins/com.nxp.mcuxpresso.tools.win32_11.6.0.202112161359/tools/bin/../lib/gcc/arm-none-eabi/10.3.1/../../../../arm-none-eabi/lib/thumb/v6-m/nofp\libcr_c.a(_cr_sbrk.o)
                0x00007b18                _sbrk
 .text._fdopen  0x00007b5c       0x74 d:/mcuxpressoide_11.6.0_8187/ide/plugins/com.nxp.mcuxpresso.tools.win32_11.6.0.202112161359/tools/bin/../lib/gcc/arm-none-eabi/10.3.1/../../../../arm-none-eabi/lib/thumb/v6-m/nofp\libcr_c.a(_fdopen.o)
                0x00007b5c                _fdopen
 .text._frexpl  0x00007bd0       0x80 d:/mcuxpressoide_11.6.0_8187/ide/plugins/com.nxp.mcuxpresso.tools.win32_11.6.0.202112161359/tools/bin/../lib/gcc/arm-none-eabi/10.3.1/../../../../arm-none-eabi/lib/thumb/v6-m/nofp\libcr_c.a(_frexpl.o)
                0x00007bd0                _frexpl
 .text._ldexpl  0x00007c50       0x58 d:/mcuxpressoide_11.6.0_8187/ide/plugins/com.nxp.mcuxpresso.tools.win32_11.6.0.202112161359/tools/bin/../lib/gcc/arm-none-eabi/10.3.1/../../../../arm-none-eabi/lib/thumb/v6-m/nofp\libcr_c.a(_ldexpl.o)
                0x00007c50                _ldexpl
 .text.tolower  0x00007ca8       0x14 d:/mcuxpressoide_11.6.0_8187/ide/plugins/com.nxp.mcuxpresso.tools.win32_11.6.0.202112161359/tools/bin/../lib/gcc/arm-none-eabi/10.3.1/../../../../arm-none-eabi/lib/thumb/v6-m/nofp\libcr_c.a(ctype.o)
                0x00007ca8                tolower
 .text.fclose   0x00007cbc       0x5c d:/mcuxpressoide_11.6.0_8187/ide/plugins/com.nxp.mcuxpresso.tools.win32_11.6.0.202112161359/tools/bin/../lib/gcc/arm-none-eabi/10.3.1/../../../../arm-none-eabi/lib/thumb/v6-m/nofp\libcr_c.a(fclose.o)
                0x00007cbc                fclose
 .text.fflush   0x00007d18       0x44 d:/mcuxpressoide_11.6.0_8187/ide/plugins/com.nxp.mcuxpresso.tools.win32_11.6.0.202112161359/tools/bin/../lib/gcc/arm-none-eabi/10.3.1/../../../../arm-none-eabi/lib/thumb/v6-m/nofp\libcr_c.a(fflush.o)
                0x00007d18                fflush
 .text.__check_heap_overflow
                0x00007d5c       0x18 d:/mcuxpressoide_11.6.0_8187/ide/plugins/com.nxp.mcuxpresso.tools.win32_11.6.0.202112161359/tools/bin/../lib/gcc/arm-none-eabi/10.3.1/../../../../arm-none-eabi/lib/thumb/v6-m/nofp\libcr_c.a(_cr_check_heap.o)
                0x00007d5c                __check_heap_overflow
 .text._do_fflush
                0x00007d74       0x48 d:/mcuxpressoide_11.6.0_8187/ide/plugins/com.nxp.mcuxpresso.tools.win32_11.6.0.202112161359/tools/bin/../lib/gcc/arm-none-eabi/10.3.1/../../../../arm-none-eabi/lib/thumb/v6-m/nofp\libcr_c.a(_do_fflush.o)
                0x00007d74                _do_fflush
 .text.__aeabi_dmul
                0x00007dbc      0x184 d:/mcuxpressoide_11.6.0_8187/ide/plugins/com.nxp.mcuxpresso.tools.win32_11.6.0.202112161359/tools/bin/../lib/gcc/arm-none-eabi/10.3.1/thumb/v6-m/nofp\libcr_eabihelpers.a(double.o)
                0x00007dbc                __aeabi_dmul
 .text.__aeabi_ddiv
                0x00007f40      0x14c d:/mcuxpressoide_11.6.0_8187/ide/plugins/com.nxp.mcuxpresso.tools.win32_11.6.0.202112161359/tools/bin/../lib/gcc/arm-none-eabi/10.3.1/thumb/v6-m/nofp\libcr_eabihelpers.a(double.o)
                0x00007f40                __aeabi_ddiv
 .text.__aeabi_dsub
                0x0000808c      0x1c0 d:/mcuxpressoide_11.6.0_8187/ide/plugins/com.nxp.mcuxpresso.tools.win32_11.6.0.202112161359/tools/bin/../lib/gcc/arm-none-eabi/10.3.1/thumb/v6-m/nofp\libcr_eabihelpers.a(double.o)
                0x0000808c                __aeabi_dsub
 .text.__aeabi_dadd
                0x0000824c      0x134 d:/mcuxpressoide_11.6.0_8187/ide/plugins/com.nxp.mcuxpresso.tools.win32_11.6.0.202112161359/tools/bin/../lib/gcc/arm-none-eabi/10.3.1/thumb/v6-m/nofp\libcr_eabihelpers.a(double.o)
                0x0000824c                __aeabi_dadd
 .text.__aeabi_d2f
                0x00008380       0x60 d:/mcuxpressoide_11.6.0_8187/ide/plugins/com.nxp.mcuxpresso.tools.win32_11.6.0.202112161359/tools/bin/../lib/gcc/arm-none-eabi/10.3.1/thumb/v6-m/nofp\libcr_eabihelpers.a(double.o)
                0x00008380                __aeabi_d2f
 .text.__aeabi_d2iz
                0x000083e0       0x50 d:/mcuxpressoide_11.6.0_8187/ide/plugins/com.nxp.mcuxpresso.tools.win32_11.6.0.202112161359/tools/bin/../lib/gcc/arm-none-eabi/10.3.1/thumb/v6-m/nofp\libcr_eabihelpers.a(double.o)
                0x000083e0                __aeabi_d2iz
 .text.__aeabi_d2uiz
                0x00008430       0x38 d:/mcuxpressoide_11.6.0_8187/ide/plugins/com.nxp.mcuxpresso.tools.win32_11.6.0.202112161359/tools/bin/../lib/gcc/arm-none-eabi/10.3.1/thumb/v6-m/nofp\libcr_eabihelpers.a(double.o)
                0x00008430                __aeabi_d2uiz
 .text.__aeabi_dcmpeq
                0x00008468       0x30 d:/mcuxpressoide_11.6.0_8187/ide/plugins/com.nxp.mcuxpresso.tools.win32_11.6.0.202112161359/tools/bin/../lib/gcc/arm-none-eabi/10.3.1/thumb/v6-m/nofp\libcr_eabihelpers.a(double.o)
                0x00008468                __aeabi_dcmpeq
 .text.__aeabi_dcmplt
                0x00008498       0x60 d:/mcuxpressoide_11.6.0_8187/ide/plugins/com.nxp.mcuxpresso.tools.win32_11.6.0.202112161359/tools/bin/../lib/gcc/arm-none-eabi/10.3.1/thumb/v6-m/nofp\libcr_eabihelpers.a(double.o)
                0x00008498                __aeabi_dcmplt
 .text.__aeabi_dcmpgt
                0x000084f8       0x5c d:/mcuxpressoide_11.6.0_8187/ide/plugins/com.nxp.mcuxpresso.tools.win32_11.6.0.202112161359/tools/bin/../lib/gcc/arm-none-eabi/10.3.1/thumb/v6-m/nofp\libcr_eabihelpers.a(double.o)
                0x000084f8                __aeabi_dcmpgt
 .text.__aeabi_dcmple
                0x00008554       0x5c d:/mcuxpressoide_11.6.0_8187/ide/plugins/com.nxp.mcuxpresso.tools.win32_11.6.0.202112161359/tools/bin/../lib/gcc/arm-none-eabi/10.3.1/thumb/v6-m/nofp\libcr_eabihelpers.a(double.o)
                0x00008554                __aeabi_dcmple
 .text.__aeabi_dcmpge
                0x000085b0       0x5c d:/mcuxpressoide_11.6.0_8187/ide/plugins/com.nxp.mcuxpresso.tools.win32_11.6.0.202112161359/tools/bin/../lib/gcc/arm-none-eabi/10.3.1/thumb/v6-m/nofp\libcr_eabihelpers.a(double.o)
                0x000085b0                __aeabi_dcmpge
 .text.__aeabi_fmul
                0x0000860c       0xc0 d:/mcuxpressoide_11.6.0_8187/ide/plugins/com.nxp.mcuxpresso.tools.win32_11.6.0.202112161359/tools/bin/../lib/gcc/arm-none-eabi/10.3.1/thumb/v6-m/nofp\libcr_eabihelpers.a(float.o)
                0x0000860c                __aeabi_fmul
 .text.__aeabi_fsub
                0x000086cc      0x128 d:/mcuxpressoide_11.6.0_8187/ide/plugins/com.nxp.mcuxpresso.tools.win32_11.6.0.202112161359/tools/bin/../lib/gcc/arm-none-eabi/10.3.1/thumb/v6-m/nofp\libcr_eabihelpers.a(float.o)
                0x000086cc                __aeabi_fsub
 .text.__aeabi_fadd
                0x000087f4       0xac d:/mcuxpressoide_11.6.0_8187/ide/plugins/com.nxp.mcuxpresso.tools.win32_11.6.0.202112161359/tools/bin/../lib/gcc/arm-none-eabi/10.3.1/thumb/v6-m/nofp\libcr_eabihelpers.a(float.o)
                0x000087f4                __aeabi_fadd
 .text.__aeabi_f2d
                0x000088a0       0x40 d:/mcuxpressoide_11.6.0_8187/ide/plugins/com.nxp.mcuxpresso.tools.win32_11.6.0.202112161359/tools/bin/../lib/gcc/arm-none-eabi/10.3.1/thumb/v6-m/nofp\libcr_eabihelpers.a(float.o)
                0x000088a0                __aeabi_f2d
 .text.UART_EnableTx
                0x000088e0       0x40 ./utilities/fsl_debug_console.o
 .text.UART_EnableRx
                0x00008920       0x40 ./utilities/fsl_debug_console.o
 .text.LPSCI_EnableTx
                0x00008960       0x40 ./utilities/fsl_debug_console.o
 .text.LPSCI_EnableRx
                0x000089a0       0x40 ./utilities/fsl_debug_console.o
 .text.DbgConsole_PrintfPaddingCharacter
                0x000089e0       0x48 ./utilities/fsl_debug_console.o
 .text.DbgConsole_ConvertRadixNumToString
                0x00008a28      0x114 ./utilities/fsl_debug_console.o
 .text.DbgConsole_PrintfFormattedData
                0x00008b3c      0x33a ./utilities/fsl_debug_console.o
 .text.init_accelerometer
                0x00008e76       0x16 ./source/accel.o
                0x00008e76                init_accelerometer
 .text.cbfifo_capacity
                0x00008e8c       0x14 ./source/cbfifo.o
                0x00008e8c                cbfifo_capacity
 .text.LED_init
                0x00008ea0       0x16 ./source/led.o
                0x00008ea0                LED_init
 .text.self_test_accelerometer_mode
                0x00008eb6       0x7e ./source/test_accel.o
 .text.__sys_readc
                0x00008f34       0x32 ./source/uart.o
                0x00008f34                __sys_readc
 .text.OSC_SetExtRefClkConfig
                0x00008f66       0x3e ./drivers/fsl_clock.o
 .text.OSC_SetCapLoad
                0x00008fa4       0x42 ./drivers/fsl_clock.o
 .text.CLOCK_GetPll0RefFreq
                0x00008fe6       0x10 ./drivers/fsl_clock.o
 .text.CLOCK_SetExternalRefClkConfig
                0x00008ff6       0x16 ./drivers/fsl_clock.o
                0x00008ff6                CLOCK_SetExternalRefClkConfig
 .text.LPSCI_GetStatusFlags
                0x0000900c       0x26 ./drivers/fsl_lpsci.o
                0x0000900c                LPSCI_GetStatusFlags
 .text.UART_GetStatusFlags
                0x00009032       0x26 ./drivers/fsl_uart.o
                0x00009032                UART_GetStatusFlags
 .text.UART_WriteBlocking
                0x00009058       0x3c ./drivers/fsl_uart.o
                0x00009058                UART_WriteBlocking
 .text.BOARD_InitBootClocks
                0x00009094        0xe ./board/clock_config.o
                0x00009094                BOARD_InitBootClocks
 .text.BOARD_InitBootPeripherals
                0x000090a2        0xa ./board/peripherals.o
                0x000090a2                BOARD_InitBootPeripherals
 .text.BOARD_InitBootPins
                0x000090ac        0xe ./board/pin_mux.o
                0x000090ac                BOARD_InitBootPins
 .text.__main   0x000090ba        0xc d:/mcuxpressoide_11.6.0_8187/ide/plugins/com.nxp.mcuxpresso.tools.win32_11.6.0.202112161359/tools/bin/../lib/gcc/arm-none-eabi/10.3.1/../../../../arm-none-eabi/lib/thumb/v6-m/nofp\libcr_nohost_nf.a(_cr__main.o)
                0x000090ba                __main
 .text.memset   0x000090c6        0x8 d:/mcuxpressoide_11.6.0_8187/ide/plugins/com.nxp.mcuxpresso.tools.win32_11.6.0.202112161359/tools/bin/../lib/gcc/arm-none-eabi/10.3.1/../../../../arm-none-eabi/lib/thumb/v6-m/nofp\libcr_c.a(memset.o)
                0x000090c6                memset
 .text._Csys_read_
                0x000090ce       0x24 d:/mcuxpressoide_11.6.0_8187/ide/plugins/com.nxp.mcuxpresso.tools.win32_11.6.0.202112161359/tools/bin/../lib/gcc/arm-none-eabi/10.3.1/../../../../arm-none-eabi/lib/thumb/v6-m/nofp\libcr_c.a(__fillbuf.o)
                0x000090ce                _Csys_read_
 .text.acos     0x000090f2        0xa d:/mcuxpressoide_11.6.0_8187/ide/plugins/com.nxp.mcuxpresso.tools.win32_11.6.0.202112161359/tools/bin/../lib/gcc/arm-none-eabi/10.3.1/../../../../arm-none-eabi/lib/thumb/v6-m/nofp\libcr_c.a(acos.o)
                0x000090f2                acos
 .text.free     0x000090fc       0x2c d:/mcuxpressoide_11.6.0_8187/ide/plugins/com.nxp.mcuxpresso.tools.win32_11.6.0.202112161359/tools/bin/../lib/gcc/arm-none-eabi/10.3.1/../../../../arm-none-eabi/lib/thumb/v6-m/nofp\libcr_c.a(alloc.o)
                0x000090fc                free
 .text.fabs     0x00009128       0x22 d:/mcuxpressoide_11.6.0_8187/ide/plugins/com.nxp.mcuxpresso.tools.win32_11.6.0.202112161359/tools/bin/../lib/gcc/arm-none-eabi/10.3.1/../../../../arm-none-eabi/lib/thumb/v6-m/nofp\libcr_c.a(fabs.o)
                0x00009128                fabs
 .text.no_fp_display
                0x0000914a        0x4 d:/mcuxpressoide_11.6.0_8187/ide/plugins/com.nxp.mcuxpresso.tools.win32_11.6.0.202112161359/tools/bin/../lib/gcc/arm-none-eabi/10.3.1/../../../../arm-none-eabi/lib/thumb/v6-m/nofp\libcr_c.a(printf.o)
 .text.sscanf   0x0000914e       0x3c d:/mcuxpressoide_11.6.0_8187/ide/plugins/com.nxp.mcuxpresso.tools.win32_11.6.0.202112161359/tools/bin/../lib/gcc/arm-none-eabi/10.3.1/../../../../arm-none-eabi/lib/thumb/v6-m/nofp\libcr_c.a(scanf.o)
                0x0000914e                sscanf
 .text.strcasecmp
                0x0000918a       0x32 d:/mcuxpressoide_11.6.0_8187/ide/plugins/com.nxp.mcuxpresso.tools.win32_11.6.0.202112161359/tools/bin/../lib/gcc/arm-none-eabi/10.3.1/../../../../arm-none-eabi/lib/thumb/v6-m/nofp\libcr_c.a(strcasecmp.o)
                0x0000918a                strcasecmp
 .text.remove   0x000091bc       0x12 d:/mcuxpressoide_11.6.0_8187/ide/plugins/com.nxp.mcuxpresso.tools.win32_11.6.0.202112161359/tools/bin/../lib/gcc/arm-none-eabi/10.3.1/../../../../arm-none-eabi/lib/thumb/v6-m/nofp\libcr_c.a(remove.o)
                0x000091bc                remove
 .text.__aeabi_division_idivmod
                0x000091ce       0x78 d:/mcuxpressoide_11.6.0_8187/ide/plugins/com.nxp.mcuxpresso.tools.win32_11.6.0.202112161359/tools/bin/../lib/gcc/arm-none-eabi/10.3.1/thumb/v6-m/nofp\libcr_eabihelpers.a(division_32.o)
                0x000091ce                __aeabi_idivmod
                0x000091ce                __aeabi_idiv
                0x000091d4                __aeabi_uidivmod
                0x000091d4                __aeabi_uidiv
 .text.__aeabi_division_idiv0
                0x00009246        0x2 d:/mcuxpressoide_11.6.0_8187/ide/plugins/com.nxp.mcuxpresso.tools.win32_11.6.0.202112161359/tools/bin/../lib/gcc/arm-none-eabi/10.3.1/thumb/v6-m/nofp\libcr_eabihelpers.a(division_idiv0.o)
                0x00009246                __aeabi_idiv0
 .text.__bhs_ui2d
                0x00009248       0x5e d:/mcuxpressoide_11.6.0_8187/ide/plugins/com.nxp.mcuxpresso.tools.win32_11.6.0.202112161359/tools/bin/../lib/gcc/arm-none-eabi/10.3.1/thumb/v6-m/nofp\libcr_eabihelpers.a(double.o)
                0x00009248                __bhs_ui2d
 .text.__aeabi_i2d
                0x000092a6       0x18 d:/mcuxpressoide_11.6.0_8187/ide/plugins/com.nxp.mcuxpresso.tools.win32_11.6.0.202112161359/tools/bin/../lib/gcc/arm-none-eabi/10.3.1/thumb/v6-m/nofp\libcr_eabihelpers.a(double.o)
                0x000092a6                __aeabi_i2d
 .text.__aeabi_ui2d
                0x000092be        0xc d:/mcuxpressoide_11.6.0_8187/ide/plugins/com.nxp.mcuxpresso.tools.win32_11.6.0.202112161359/tools/bin/../lib/gcc/arm-none-eabi/10.3.1/thumb/v6-m/nofp\libcr_eabihelpers.a(double.o)
                0x000092be                __aeabi_ui2d
 .text.__aeabi_llong_lmul
                0x000092ca       0x2e d:/mcuxpressoide_11.6.0_8187/ide/plugins/com.nxp.mcuxpresso.tools.win32_11.6.0.202112161359/tools/bin/../lib/gcc/arm-none-eabi/10.3.1/thumb/v6-m/nofp\libcr_eabihelpers.a(llong.o)
                0x000092ca                __aeabi_lmul
 .text.__aeabi_memset_lowlevel
                0x000092f8       0x2a d:/mcuxpressoide_11.6.0_8187/ide/plugins/com.nxp.mcuxpresso.tools.win32_11.6.0.202112161359/tools/bin/../lib/gcc/arm-none-eabi/10.3.1/thumb/v6-m/nofp\libcr_eabihelpers.a(memcpy.o)
                0x000092f8                __aeabi_lowlevel_memset
 .text.__gnu_thumb1_case_shi
                0x00009322       0x10 d:/mcuxpressoide_11.6.0_8187/ide/plugins/com.nxp.mcuxpresso.tools.win32_11.6.0.202112161359/tools/bin/../lib/gcc/arm-none-eabi/10.3.1/thumb/v6-m/nofp\libcr_eabihelpers.a(thumb1_switch_helpers.o)
                0x00009322                __gnu_thumb1_case_shi
 .text.__sys_appexit
                0x00009332        0x2 d:/mcuxpressoide_11.6.0_8187/ide/plugins/com.nxp.mcuxpresso.tools.win32_11.6.0.202112161359/tools/bin/../lib/gcc/arm-none-eabi/10.3.1/../../../../arm-none-eabi/lib/thumb/v6-m/nofp\libcr_nohost_nf.a(__sys_appexit.o)
                0x00009332                __sys_appexit
                0x00009332                __exit
 .text.__sys_close
                0x00009334        0x6 d:/mcuxpressoide_11.6.0_8187/ide/plugins/com.nxp.mcuxpresso.tools.win32_11.6.0.202112161359/tools/bin/../lib/gcc/arm-none-eabi/10.3.1/../../../../arm-none-eabi/lib/thumb/v6-m/nofp\libcr_nohost_nf.a(__sys_close.o)
                0x00009334                __sys_close
 .text.__sys_flen
                0x0000933a        0x6 d:/mcuxpressoide_11.6.0_8187/ide/plugins/com.nxp.mcuxpresso.tools.win32_11.6.0.202112161359/tools/bin/../lib/gcc/arm-none-eabi/10.3.1/../../../../arm-none-eabi/lib/thumb/v6-m/nofp\libcr_nohost_nf.a(__sys_flen.o)
                0x0000933a                __sys_flen
 .text.__sys_istty
                0x00009340        0x6 d:/mcuxpressoide_11.6.0_8187/ide/plugins/com.nxp.mcuxpresso.tools.win32_11.6.0.202112161359/tools/bin/../lib/gcc/arm-none-eabi/10.3.1/../../../../arm-none-eabi/lib/thumb/v6-m/nofp\libcr_nohost_nf.a(__sys_istty.o)
                0x00009340                __sys_istty
 .text.__sys_read
                0x00009346        0x4 d:/mcuxpressoide_11.6.0_8187/ide/plugins/com.nxp.mcuxpresso.tools.win32_11.6.0.202112161359/tools/bin/../lib/gcc/arm-none-eabi/10.3.1/../../../../arm-none-eabi/lib/thumb/v6-m/nofp\libcr_nohost_nf.a(__sys_read.o)
                0x00009346                __sys_read
 .text.__sys_remove
                0x0000934a        0x6 d:/mcuxpressoide_11.6.0_8187/ide/plugins/com.nxp.mcuxpresso.tools.win32_11.6.0.202112161359/tools/bin/../lib/gcc/arm-none-eabi/10.3.1/../../../../arm-none-eabi/lib/thumb/v6-m/nofp\libcr_nohost_nf.a(__sys_remove.o)
                0x0000934a                __sys_remove
 .text.__sys_seek
                0x00009350        0x6 d:/mcuxpressoide_11.6.0_8187/ide/plugins/com.nxp.mcuxpresso.tools.win32_11.6.0.202112161359/tools/bin/../lib/gcc/arm-none-eabi/10.3.1/../../../../arm-none-eabi/lib/thumb/v6-m/nofp\libcr_nohost_nf.a(__sys_seek.o)
                0x00009350                __sys_seek
 .text.__sys_tmpnam
                0x00009356        0x6 d:/mcuxpressoide_11.6.0_8187/ide/plugins/com.nxp.mcuxpresso.tools.win32_11.6.0.202112161359/tools/bin/../lib/gcc/arm-none-eabi/10.3.1/../../../../arm-none-eabi/lib/thumb/v6-m/nofp\libcr_nohost_nf.a(__sys_tmpnam.o)
                0x00009356                __sys_tmpnam
 *(SORT_BY_ALIGNMENT(.rodata) SORT_BY_ALIGNMENT(.rodata.*) SORT_BY_ALIGNMENT(.constdata) SORT_BY_ALIGNMENT(.constdata.*))
 *fill*         0x0000935c        0x4 ff
 .rodata.a.1    0x00009360       0x10 d:/mcuxpressoide_11.6.0_8187/ide/plugins/com.nxp.mcuxpresso.tools.win32_11.6.0.202112161359/tools/bin/../lib/gcc/arm-none-eabi/10.3.1/../../../../arm-none-eabi/lib/thumb/v6-m/nofp\libcr_c.a(_asinacos.o)
 .rodata.b.0    0x00009370       0x10 d:/mcuxpressoide_11.6.0_8187/ide/plugins/com.nxp.mcuxpresso.tools.win32_11.6.0.202112161359/tools/bin/../lib/gcc/arm-none-eabi/10.3.1/../../../../arm-none-eabi/lib/thumb/v6-m/nofp\libcr_c.a(_asinacos.o)
 .rodata.main.str1.4
                0x00009380       0x5f ./source/DigitalAngleGauge.o
 *fill*         0x000093df        0x1 ff
 .rodata.str1.4
                0x000093e0       0x2a ./source/cmd.o
 *fill*         0x0000940a        0x2 ff
 .rodata.pre_process_command.str1.4
                0x0000940c        0xd ./source/cmd.o
                                 0x11 (size before relaxing)
 *fill*         0x00009419        0x3 ff
 .rodata.process_command.str1.4
                0x0000941c       0x16 ./source/cmd.o
 *fill*         0x00009432        0x2 ff
 .rodata.Handle_Author.str1.4
                0x00009434       0x17 ./source/cmd.o
 *fill*         0x0000944b        0x1 ff
 .rodata.Handle_Help.str1.4
                0x0000944c      0x15e ./source/cmd.o
 *fill*         0x000095aa        0x2 ff
 .rodata.Handle_Angle.str1.4
                0x000095ac       0xae ./source/cmd.o
 *fill*         0x0000965a        0x2 ff
 .rodata.Handle_Calibrate.str1.4
                0x0000965c       0x7c ./source/cmd.o
 .rodata.self_test_accelerometer.str1.4
                0x000096d8       0x85 ./source/test_accel.o
 *fill*         0x0000975d        0x3 ff
 .rodata.test_accelerometer.str1.4
                0x00009760       0x5a ./source/test_accel.o
 *fill*         0x000097ba        0x2 ff
 .rodata.__FUNCTION__.0
                0x000097bc       0x13 ./source/test_accel.o
 *fill*         0x000097cf        0x1 ff
 .rodata.test_cbfifo.str1.4
                0x000097d0     0x3663 ./source/test_cbfifo.o
 *fill*         0x0000ce33        0x1 ff
 .rodata.__FUNCTION__.0
                0x0000ce34        0xc ./source/test_cbfifo.o
 .rodata.test_tpm_led.str1.4
                0x0000ce40       0x31 ./source/test_led.o
 *fill*         0x0000ce71        0x3 ff
 .rodata.__FUNCTION__.0
                0x0000ce74        0xd ./source/test_led.o
 *fill*         0x0000ce81        0x3 ff
 .rodata.CLOCK_GetMcgExtClkFreq.str1.4
                0x0000ce84       0x1e ./drivers/fsl_clock.o
 *fill*         0x0000cea2        0x2 ff
 .rodata.CLOCK_GetPll0Freq.str1.4
                0x0000cea4       0x1d ./drivers/fsl_clock.o
 *fill*         0x0000cec1        0x3 ff
 .rodata.CLOCK_EnablePll0.str1.4
                0x0000cec4       0x19 ./drivers/fsl_clock.o
 *fill*         0x0000cedd        0x3 ff
 .rodata.CLOCK_SetPbeMode.str1.4
                0x0000cee0       0x1a ./drivers/fsl_clock.o
 *fill*         0x0000cefa        0x2 ff
 .rodata.CLOCK_BootToPeeMode.str1.4
                0x0000cefc       0x1a ./drivers/fsl_clock.o
 *fill*         0x0000cf16        0x2 ff
 .rodata.fllFactorTable.1
                0x0000cf18       0x10 ./drivers/fsl_clock.o
 .rodata.__assertion_failed.str1.4
                0x0000cf28        0x4 ./drivers/fsl_common.o
 .rodata.LPSCI_GetInstance.str1.4
                0x0000cf2c       0x36 ./drivers/fsl_lpsci.o
 *fill*         0x0000cf62        0x2 ff
 .rodata.LPSCI_Init.str1.4
                0x0000cf64       0x43 ./drivers/fsl_lpsci.o
 *fill*         0x0000cfa7        0x1 ff
 .rodata.LPSCI_GetDefaultConfig.str1.4
                0x0000cfa8       0x19 ./drivers/fsl_lpsci.o
 *fill*         0x0000cfc1        0x3 ff
 .rodata.LPSCI_WriteBlocking.str1.4
                0x0000cfc4       0x17 ./drivers/fsl_lpsci.o
 *fill*         0x0000cfdb        0x1 ff
 .rodata.LPSCI_ReadBlocking.str1.4
                0x0000cfdc       0x17 ./drivers/fsl_lpsci.o
 *fill*         0x0000cff3        0x1 ff
 .rodata.s_uartBases
                0x0000cff4        0xc ./drivers/fsl_uart.o
 .rodata.s_uartClock
                0x0000d000        0xc ./drivers/fsl_uart.o
 .rodata.UART_GetInstance.str1.4
                0x0000d00c       0x2b ./drivers/fsl_uart.o
 *fill*         0x0000d037        0x1 ff
 .rodata.UART_Init.str1.4
                0x0000d038       0x3e ./drivers/fsl_uart.o
 *fill*         0x0000d076        0x2 ff
 .rodata.UART_GetDefaultConfig.str1.4
                0x0000d078       0x18 ./drivers/fsl_uart.o
 .rodata.UART_ReadBlocking.str1.4
                0x0000d090       0x16 ./drivers/fsl_uart.o
 *fill*         0x0000d0a6        0x2 ff
 .rodata.mcgConfig_BOARD_BootClockRUN
                0x0000d0a8        0xa ./board/clock_config.o
                0x0000d0a8                mcgConfig_BOARD_BootClockRUN
 *fill*         0x0000d0b2        0x2 ff
 .rodata.simConfig_BOARD_BootClockRUN
                0x0000d0b4        0x8 ./board/clock_config.o
                0x0000d0b4                simConfig_BOARD_BootClockRUN
 .rodata.oscConfig_BOARD_BootClockRUN
                0x0000d0bc        0x8 ./board/clock_config.o
                0x0000d0bc                oscConfig_BOARD_BootClockRUN
 .rodata.__num_Ciob_streams
                0x0000d0c4        0x4 d:/mcuxpressoide_11.6.0_8187/ide/plugins/com.nxp.mcuxpresso.tools.win32_11.6.0.202112161359/tools/bin/../lib/gcc/arm-none-eabi/10.3.1/../../../../arm-none-eabi/lib/thumb/v6-m/nofp\libcr_nohost_nf.a(__ciob.o)
                0x0000d0c4                __num_Ciob_streams
 .rodata._Csys_alloc.str1.1
                0x0000d0c8       0x18 d:/mcuxpressoide_11.6.0_8187/ide/plugins/com.nxp.mcuxpresso.tools.win32_11.6.0.202112161359/tools/bin/../lib/gcc/arm-none-eabi/10.3.1/../../../../arm-none-eabi/lib/thumb/v6-m/nofp\libcr_c.a(alloc.o)
 .rodata._initio.str1.1
                0x0000d0e0        0x4 d:/mcuxpressoide_11.6.0_8187/ide/plugins/com.nxp.mcuxpresso.tools.win32_11.6.0.202112161359/tools/bin/../lib/gcc/arm-none-eabi/10.3.1/../../../../arm-none-eabi/lib/thumb/v6-m/nofp\libcr_c.a(initio.o)
 .rodata.__vfprintf.str1.1
                0x0000d0e4       0x37 d:/mcuxpressoide_11.6.0_8187/ide/plugins/com.nxp.mcuxpresso.tools.win32_11.6.0.202112161359/tools/bin/../lib/gcc/arm-none-eabi/10.3.1/../../../../arm-none-eabi/lib/thumb/v6-m/nofp\libcr_c.a(printf.o)
                                 0x38 (size before relaxing)
 .rodata.__ctype
                0x0000d11b      0x180 d:/mcuxpressoide_11.6.0_8187/ide/plugins/com.nxp.mcuxpresso.tools.win32_11.6.0.202112161359/tools/bin/../lib/gcc/arm-none-eabi/10.3.1/../../../../arm-none-eabi/lib/thumb/v6-m/nofp\libcr_c.a(ctype.o)
                0x0000d11b                __ctype
                0x0000d29c                . = ALIGN (0x4)
 *fill*         0x0000d29b        0x1 ff
                0x0000d29c                _etext = .

.glue_7         0x0000d29c        0x0
 .glue_7        0x0000d29c        0x0 linker stubs

.glue_7t        0x0000d29c        0x0
 .glue_7t       0x0000d29c        0x0 linker stubs

.vfp11_veneer   0x0000d29c        0x0
 .vfp11_veneer  0x0000d29c        0x0 linker stubs

.v4_bx          0x0000d29c        0x0
 .v4_bx         0x0000d29c        0x0 linker stubs

.iplt           0x0000d29c        0x0
 .iplt          0x0000d29c        0x0 ./utilities/fsl_debug_console.o

.rel.dyn        0x0000d29c        0x0
 .rel.iplt      0x0000d29c        0x0 ./utilities/fsl_debug_console.o

.m_usb_data
 *(SORT_BY_ALIGNMENT(m_usb_bdt))

.mtb_buffer_default
                0x1ffff000       0x80
 *(SORT_BY_ALIGNMENT(.mtb*))
 .mtb.$RAM1     0x1ffff000       0x80 ./source/mtb.o
                0x1ffff000                __mtb_buffer__

.uninit_RESERVED
                0x1ffff080        0x0
                0x1ffff080                _start_uninit_RESERVED = .
 *(SORT_BY_ALIGNMENT(.bss.$RESERVED*))
                0x1ffff080                . = ALIGN (0x4)
                0x1ffff080                _end_uninit_RESERVED = .

.data           0x1ffff080       0x40 load address 0x0000d29c
 FILL mask 0xff
                0x1ffff080                _data = .
                [!provide]                PROVIDE (__start_data_RAM = .)
                [!provide]                PROVIDE (__start_data_SRAM = .)
 *(SORT_BY_ALIGNMENT(vtable))
 *(SORT_BY_ALIGNMENT(.ramfunc*))
 *(SORT_BY_ALIGNMENT(CodeQuickAccess))
 *(SORT_BY_ALIGNMENT(DataQuickAccess))
 *(SORT_BY_ALIGNMENT(RamFunction))
 *(SORT_BY_ALIGNMENT(.data*))
 .data.desired_angle
                0x1ffff080        0x4 ./source/cmd.o
                0x1ffff080                desired_angle
 .data.commands
                0x1ffff084       0x28 ./source/cmd.o
 .data.brightness
                0x1ffff0ac        0x4 ./source/led.o
                0x1ffff0ac                brightness
 .data.s_slowIrcFreq
                0x1ffff0b0        0x4 ./drivers/fsl_clock.o
 .data.SystemCoreClock
                0x1ffff0b4        0x4 ./CMSIS/system_MKL25Z4.o
                0x1ffff0b4                SystemCoreClock
 .data.neginf.0
                0x1ffff0b8        0x4 d:/mcuxpressoide_11.6.0_8187/ide/plugins/com.nxp.mcuxpresso.tools.win32_11.6.0.202112161359/tools/bin/../lib/gcc/arm-none-eabi/10.3.1/../../../../arm-none-eabi/lib/thumb/v6-m/nofp\libcr_c.a(scanf.o)
 .data.posinf.1
                0x1ffff0bc        0x4 d:/mcuxpressoide_11.6.0_8187/ide/plugins/com.nxp.mcuxpresso.tools.win32_11.6.0.202112161359/tools/bin/../lib/gcc/arm-none-eabi/10.3.1/../../../../arm-none-eabi/lib/thumb/v6-m/nofp\libcr_c.a(scanf.o)
                0x1ffff0c0                . = ALIGN (0x4)
                0x1ffff0c0                _edata = .
                [!provide]                PROVIDE (__end_data_RAM = .)
                [!provide]                PROVIDE (__end_data_SRAM = .)

.igot.plt       0x1ffff0c0        0x0 load address 0x0000d2dc
 .igot.plt      0x1ffff0c0        0x0 ./utilities/fsl_debug_console.o

.bss            0x1ffff0c0      0x340
                0x1ffff0c0                _bss = .
                [!provide]                PROVIDE (__start_bss_RAM = .)
                [!provide]                PROVIDE (__start_bss_SRAM = .)
 *(SORT_BY_ALIGNMENT(.bss*))
 .bss.s_debugConsole
                0x1ffff0c0       0x10 ./utilities/fsl_debug_console.o
 .bss.tilt_angle
                0x1ffff0d0        0x4 ./source/accel.o
                0x1ffff0d0                tilt_angle
 .bss.tilt_value
                0x1ffff0d4        0x4 ./source/accel.o
                0x1ffff0d4                tilt_value
 .bss.fifo      0x1ffff0d8      0x218 ./source/cbfifo.o
                0x1ffff0d8                fifo
 .bss.i         0x1ffff2f0        0x4 ./source/cbfifo.o
                0x1ffff2f0                i
 .bss.calibrated_angle
                0x1ffff2f4        0x4 ./source/cmd.o
                0x1ffff2f4                calibrated_angle
 .bss.lock_func
                0x1ffff2f8        0x4 ./source/i2c.o
                0x1ffff2f8                lock_func
 .bss.i2c_lock  0x1ffff2fc        0x4 ./source/i2c.o
                0x1ffff2fc                i2c_lock
 .bss.color     0x1ffff300       0x12 ./source/led.o
                0x1ffff300                color
 *fill*         0x1ffff312        0x2 
 .bss.timer_interrupt_count
                0x1ffff314        0x4 ./source/systick.o
                0x1ffff314                timer_interrupt_count
 .bss.systick_count
                0x1ffff318        0x4 ./source/systick.o
                0x1ffff318                systick_count
 .bss.g_xtal0Freq
                0x1ffff31c        0x4 ./drivers/fsl_clock.o
                0x1ffff31c                g_xtal0Freq
 .bss.s_lpsciHandle
                0x1ffff320        0x4 ./drivers/fsl_lpsci.o
 .bss.s_lpsciIsr
                0x1ffff324        0x4 ./drivers/fsl_lpsci.o
 .bss.s_uartHandle
                0x1ffff328        0xc ./drivers/fsl_uart.o
 .bss.s_uartIsr
                0x1ffff334        0x4 ./drivers/fsl_uart.o
 .bss.__Ciob    0x1ffff338       0xb4 d:/mcuxpressoide_11.6.0_8187/ide/plugins/com.nxp.mcuxpresso.tools.win32_11.6.0.202112161359/tools/bin/../lib/gcc/arm-none-eabi/10.3.1/../../../../arm-none-eabi/lib/thumb/v6-m/nofp\libcr_nohost_nf.a(__ciob.o)
                0x1ffff338                __Ciob
 .bss.__end_of_heap
                0x1ffff3ec        0x4 d:/mcuxpressoide_11.6.0_8187/ide/plugins/com.nxp.mcuxpresso.tools.win32_11.6.0.202112161359/tools/bin/../lib/gcc/arm-none-eabi/10.3.1/../../../../arm-none-eabi/lib/thumb/v6-m/nofp\libcr_c.a(__init_alloc.o)
                0x1ffff3ec                __end_of_heap
 .bss.__heaps   0x1ffff3f0        0x4 d:/mcuxpressoide_11.6.0_8187/ide/plugins/com.nxp.mcuxpresso.tools.win32_11.6.0.202112161359/tools/bin/../lib/gcc/arm-none-eabi/10.3.1/../../../../arm-none-eabi/lib/thumb/v6-m/nofp\libcr_c.a(__init_alloc.o)
                0x1ffff3f0                __heaps
 .bss.errno     0x1ffff3f4        0x4 d:/mcuxpressoide_11.6.0_8187/ide/plugins/com.nxp.mcuxpresso.tools.win32_11.6.0.202112161359/tools/bin/../lib/gcc/arm-none-eabi/10.3.1/../../../../arm-none-eabi/lib/thumb/v6-m/nofp\libcr_c.a(errno.o)
                0x1ffff3f4                errno
 .bss.accel_X   0x1ffff3f8        0x2 ./source/accel.o
                0x1ffff3f8                accel_X
 .bss.accel_Y   0x1ffff3fa        0x2 ./source/accel.o
                0x1ffff3fa                accel_Y
 .bss.accel_Z   0x1ffff3fc        0x2 ./source/accel.o
                0x1ffff3fc                accel_Z
 *(SORT_BY_ALIGNMENT(COMMON))
                0x1ffff400                . = ALIGN (0x4)
 *fill*         0x1ffff3fe        0x2 
                0x1ffff400                _ebss = .
                [!provide]                PROVIDE (__end_bss_RAM = .)
                [!provide]                PROVIDE (__end_bss_SRAM = .)
                [!provide]                PROVIDE (end = .)

.noinit         0x1ffff400        0x0
                0x1ffff400                _noinit = .
                [!provide]                PROVIDE (__start_noinit_RAM = .)
                [!provide]                PROVIDE (__start_noinit_SRAM = .)
 *(SORT_BY_ALIGNMENT(.noinit*))
                0x1ffff400                . = ALIGN (0x4)
                0x1ffff400                _end_noinit = .
                [!provide]                PROVIDE (__end_noinit_RAM = .)
                [!provide]                PROVIDE (__end_noinit_SRAM = .)

.ARM.extab
 *(SORT_BY_ALIGNMENT(.ARM.extab*) SORT_BY_ALIGNMENT(.gnu.linkonce.armextab.*))

.ARM.exidx      0x0000d2dc        0x0
                0x0000d2dc                __exidx_start = .
 *(SORT_BY_ALIGNMENT(.ARM.exidx*) SORT_BY_ALIGNMENT(.gnu.linkonce.armexidx.*))
                0x0000d2dc                __exidx_end = .
                0x00000400                _HeapSize = 0x400

.heap           0x1ffff400      0x400
                0x1ffff400                _pvHeapStart = .
                0x1ffff800                . = (. + _HeapSize)
 *fill*         0x1ffff400      0x400 
                0x1ffff800                . = ALIGN (0x4)
                0x1ffff800                _pvHeapLimit = .
                0x00000400                _StackSize = 0x400

.heap2stackfill
                0x1ffff800      0x400
                0x1ffffc00                . = (. + _StackSize)
 *fill*         0x1ffff800      0x400 

.stack          0x20002c00        0x0
                0x20002c00                _vStackBase = .
                0x20002c00                . = ALIGN (0x4)
                0x20003000                _vStackTop = (. + _StackSize)
                0x00000000                _image_start = LOADADDR (.text)
                0x0000d2dc                _image_end = (LOADADDR (.data) + SIZEOF (.data))
                0x0000d2dc                _image_size = (_image_end - _image_start)
OUTPUT(DigitalAngleGauge.axf elf32-littlearm)
LOAD linker stubs

.debug_info     0x00000000     0x9a6f
 .debug_info    0x00000000      0xe16 ./utilities/fsl_debug_console.o
 .debug_info    0x00000e16      0x4eb ./startup/startup_mkl25z4.o
 .debug_info    0x00001301       0xcb ./source/DigitalAngleGauge.o
 .debug_info    0x000013cc      0x340 ./source/accel.o
 .debug_info    0x0000170c      0x354 ./source/cbfifo.o
 .debug_info    0x00001a60      0x4e1 ./source/cmd.o
 .debug_info    0x00001f41      0x531 ./source/i2c.o
 .debug_info    0x00002472      0x5bd ./source/led.o
 .debug_info    0x00002a2f       0x53 ./source/mtb.o
 .debug_info    0x00002a82       0x3c ./source/semihost_hardfault.o
 .debug_info    0x00002abe      0x55d ./source/systick.o
 .debug_info    0x0000301b      0x1b2 ./source/test_accel.o
 .debug_info    0x000031cd      0x18b ./source/test_cbfifo.o
 .debug_info    0x00003358      0x112 ./source/test_led.o
 .debug_info    0x0000346a      0x834 ./source/uart.o
 .debug_info    0x00003c9e     0x1a5a ./drivers/fsl_clock.o
 .debug_info    0x000056f8      0x3e8 ./drivers/fsl_common.o
 .debug_info    0x00005ae0     0x140d ./drivers/fsl_lpsci.o
 .debug_info    0x00006eed     0x13ae ./drivers/fsl_uart.o
 .debug_info    0x0000829b      0x394 ./board/board.o
 .debug_info    0x0000862f      0xabc ./board/clock_config.o
 .debug_info    0x000090eb       0x3c ./board/peripherals.o
 .debug_info    0x00009127      0x547 ./board/pin_mux.o
 .debug_info    0x0000966e      0x401 ./CMSIS/system_MKL25Z4.o

.debug_abbrev   0x00000000     0x2478
 .debug_abbrev  0x00000000      0x2a5 ./utilities/fsl_debug_console.o
 .debug_abbrev  0x000002a5      0x198 ./startup/startup_mkl25z4.o
 .debug_abbrev  0x0000043d       0x83 ./source/DigitalAngleGauge.o
 .debug_abbrev  0x000004c0       0xe8 ./source/accel.o
 .debug_abbrev  0x000005a8      0x1c0 ./source/cbfifo.o
 .debug_abbrev  0x00000768      0x1b7 ./source/cmd.o
 .debug_abbrev  0x0000091f      0x179 ./source/i2c.o
 .debug_abbrev  0x00000a98      0x207 ./source/led.o
 .debug_abbrev  0x00000c9f       0x46 ./source/mtb.o
 .debug_abbrev  0x00000ce5       0x31 ./source/semihost_hardfault.o
 .debug_abbrev  0x00000d16      0x18f ./source/systick.o
 .debug_abbrev  0x00000ea5       0xec ./source/test_accel.o
 .debug_abbrev  0x00000f91       0xeb ./source/test_cbfifo.o
 .debug_abbrev  0x0000107c       0x92 ./source/test_led.o
 .debug_abbrev  0x0000110e      0x1ec ./source/uart.o
 .debug_abbrev  0x000012fa      0x357 ./drivers/fsl_clock.o
 .debug_abbrev  0x00001651      0x25b ./drivers/fsl_common.o
 .debug_abbrev  0x000018ac      0x2d7 ./drivers/fsl_lpsci.o
 .debug_abbrev  0x00001b83      0x2f1 ./drivers/fsl_uart.o
 .debug_abbrev  0x00001e74      0x11b ./board/board.o
 .debug_abbrev  0x00001f8f      0x201 ./board/clock_config.o
 .debug_abbrev  0x00002190       0x31 ./board/peripherals.o
 .debug_abbrev  0x000021c1      0x189 ./board/pin_mux.o
 .debug_abbrev  0x0000234a      0x12e ./CMSIS/system_MKL25Z4.o

.debug_aranges  0x00000000      0xa18
 .debug_aranges
                0x00000000       0x90 ./utilities/fsl_debug_console.o
 .debug_aranges
                0x00000090      0x160 ./startup/startup_mkl25z4.o
 .debug_aranges
                0x000001f0       0x20 ./source/DigitalAngleGauge.o
 .debug_aranges
                0x00000210       0x30 ./source/accel.o
 .debug_aranges
                0x00000240       0x40 ./source/cbfifo.o
 .debug_aranges
                0x00000280       0x50 ./source/cmd.o
 .debug_aranges
                0x000002d0       0x58 ./source/i2c.o
 .debug_aranges
                0x00000328       0x58 ./source/led.o
 .debug_aranges
                0x00000380       0x18 ./source/mtb.o
 .debug_aranges
                0x00000398       0x20 ./source/semihost_hardfault.o
 .debug_aranges
                0x000003b8       0x48 ./source/systick.o
 .debug_aranges
                0x00000400       0x30 ./source/test_accel.o
 .debug_aranges
                0x00000430       0x20 ./source/test_cbfifo.o
 .debug_aranges
                0x00000450       0x20 ./source/test_led.o
 .debug_aranges
                0x00000470       0x50 ./source/uart.o
 .debug_aranges
                0x000004c0      0x1d8 ./drivers/fsl_clock.o
 .debug_aranges
                0x00000698       0x38 ./drivers/fsl_common.o
 .debug_aranges
                0x000006d0      0x118 ./drivers/fsl_lpsci.o
 .debug_aranges
                0x000007e8      0x130 ./drivers/fsl_uart.o
 .debug_aranges
                0x00000918       0x28 ./board/board.o
 .debug_aranges
                0x00000940       0x58 ./board/clock_config.o
 .debug_aranges
                0x00000998       0x20 ./board/peripherals.o
 .debug_aranges
                0x000009b8       0x38 ./board/pin_mux.o
 .debug_aranges
                0x000009f0       0x28 ./CMSIS/system_MKL25Z4.o

.debug_ranges   0x00000000      0x890
 .debug_ranges  0x00000000       0x80 ./utilities/fsl_debug_console.o
 .debug_ranges  0x00000080      0x150 ./startup/startup_mkl25z4.o
 .debug_ranges  0x000001d0       0x10 ./source/DigitalAngleGauge.o
 .debug_ranges  0x000001e0       0x20 ./source/accel.o
 .debug_ranges  0x00000200       0x30 ./source/cbfifo.o
 .debug_ranges  0x00000230       0x40 ./source/cmd.o
 .debug_ranges  0x00000270       0x48 ./source/i2c.o
 .debug_ranges  0x000002b8       0x48 ./source/led.o
 .debug_ranges  0x00000300       0x10 ./source/semihost_hardfault.o
 .debug_ranges  0x00000310       0x38 ./source/systick.o
 .debug_ranges  0x00000348       0x20 ./source/test_accel.o
 .debug_ranges  0x00000368       0x10 ./source/test_cbfifo.o
 .debug_ranges  0x00000378       0x10 ./source/test_led.o
 .debug_ranges  0x00000388       0x40 ./source/uart.o
 .debug_ranges  0x000003c8      0x1c8 ./drivers/fsl_clock.o
 .debug_ranges  0x00000590       0x28 ./drivers/fsl_common.o
 .debug_ranges  0x000005b8      0x108 ./drivers/fsl_lpsci.o
 .debug_ranges  0x000006c0      0x120 ./drivers/fsl_uart.o
 .debug_ranges  0x000007e0       0x18 ./board/board.o
 .debug_ranges  0x000007f8       0x48 ./board/clock_config.o
 .debug_ranges  0x00000840       0x10 ./board/peripherals.o
 .debug_ranges  0x00000850       0x28 ./board/pin_mux.o
 .debug_ranges  0x00000878       0x18 ./CMSIS/system_MKL25Z4.o

.debug_macro    0x00000000     0xea32
 .debug_macro   0x00000000      0x127 ./utilities/fsl_debug_console.o
 .debug_macro   0x00000127      0xa84 ./utilities/fsl_debug_console.o
 .debug_macro   0x00000bab       0x10 ./utilities/fsl_debug_console.o
 .debug_macro   0x00000bbb       0x16 ./utilities/fsl_debug_console.o
 .debug_macro   0x00000bd1       0x10 ./utilities/fsl_debug_console.o
 .debug_macro   0x00000be1      0x12e ./utilities/fsl_debug_console.o
 .debug_macro   0x00000d0f       0x28 ./utilities/fsl_debug_console.o
 .debug_macro   0x00000d37       0xc4 ./utilities/fsl_debug_console.o
 .debug_macro   0x00000dfb       0x16 ./utilities/fsl_debug_console.o
 .debug_macro   0x00000e11       0x22 ./utilities/fsl_debug_console.o
 .debug_macro   0x00000e33      0x5b3 ./utilities/fsl_debug_console.o
 .debug_macro   0x000013e6       0x10 ./utilities/fsl_debug_console.o
 .debug_macro   0x000013f6       0x3f ./utilities/fsl_debug_console.o
 .debug_macro   0x00001435       0x3a ./utilities/fsl_debug_console.o
 .debug_macro   0x0000146f       0x26 ./utilities/fsl_debug_console.o
 .debug_macro   0x00001495      0x329 ./utilities/fsl_debug_console.o
 .debug_macro   0x000017be       0x30 ./utilities/fsl_debug_console.o
 .debug_macro   0x000017ee     0x51e2 ./utilities/fsl_debug_console.o
 .debug_macro   0x000069d0     0x1352 ./utilities/fsl_debug_console.o
 .debug_macro   0x00007d22       0x3a ./utilities/fsl_debug_console.o
 .debug_macro   0x00007d5c       0xf4 ./utilities/fsl_debug_console.o
 .debug_macro   0x00007e50       0x35 ./utilities/fsl_debug_console.o
 .debug_macro   0x00007e85       0x2e ./utilities/fsl_debug_console.o
 .debug_macro   0x00007eb3       0x10 ./utilities/fsl_debug_console.o
 .debug_macro   0x00007ec3       0x10 ./utilities/fsl_debug_console.o
 .debug_macro   0x00007ed3       0x29 ./startup/startup_mkl25z4.o
 .debug_macro   0x00007efc      0x1c3 ./source/DigitalAngleGauge.o
 .debug_macro   0x000080bf       0x64 ./source/DigitalAngleGauge.o
 .debug_macro   0x00008123       0xd8 ./source/DigitalAngleGauge.o
 .debug_macro   0x000081fb       0x16 ./source/DigitalAngleGauge.o
 .debug_macro   0x00008211       0x10 ./source/DigitalAngleGauge.o
 .debug_macro   0x00008221      0x112 ./source/DigitalAngleGauge.o
 .debug_macro   0x00008333       0x34 ./source/DigitalAngleGauge.o
 .debug_macro   0x00008367       0x22 ./source/DigitalAngleGauge.o
 .debug_macro   0x00008389       0x22 ./source/DigitalAngleGauge.o
 .debug_macro   0x000083ab       0x10 ./source/DigitalAngleGauge.o
 .debug_macro   0x000083bb       0x46 ./source/DigitalAngleGauge.o
 .debug_macro   0x00008401       0x16 ./source/DigitalAngleGauge.o
 .debug_macro   0x00008417      0x130 ./source/accel.o
 .debug_macro   0x00008547       0xc4 ./source/accel.o
 .debug_macro   0x0000860b       0x6a ./source/accel.o
 .debug_macro   0x00008675       0x10 ./source/accel.o
 .debug_macro   0x00008685       0xc6 ./source/cbfifo.o
 .debug_macro   0x0000874b       0xd2 ./source/cbfifo.o
 .debug_macro   0x0000881d       0xe0 ./source/cmd.o
 .debug_macro   0x000088fd       0x1c ./source/cmd.o
 .debug_macro   0x00008919       0x91 ./source/i2c.o
 .debug_macro   0x000089aa       0x3f ./source/i2c.o
 .debug_macro   0x000089e9       0x34 ./source/i2c.o
 .debug_macro   0x00008a1d     0x51e2 ./source/i2c.o
 .debug_macro   0x0000dbff       0x97 ./source/led.o
 .debug_macro   0x0000dc96       0x2f ./source/mtb.o
 .debug_macro   0x0000dcc5       0x82 ./source/mtb.o
 .debug_macro   0x0000dd47       0x10 ./source/mtb.o
 .debug_macro   0x0000dd57       0x11 ./source/semihost_hardfault.o
 .debug_macro   0x0000dd68       0x97 ./source/systick.o
 .debug_macro   0x0000ddff       0xfd ./source/test_accel.o
 .debug_macro   0x0000defc       0xfd ./source/test_cbfifo.o
 .debug_macro   0x0000dff9       0xfd ./source/test_led.o
 .debug_macro   0x0000e0f6       0xc2 ./source/uart.o
 .debug_macro   0x0000e1b8      0x196 ./drivers/fsl_clock.o
 .debug_macro   0x0000e34e       0x1c ./drivers/fsl_clock.o
 .debug_macro   0x0000e36a       0xef ./drivers/fsl_common.o
 .debug_macro   0x0000e459       0xec ./drivers/fsl_lpsci.o
 .debug_macro   0x0000e545       0xf2 ./drivers/fsl_uart.o
 .debug_macro   0x0000e637      0x112 ./board/board.o
 .debug_macro   0x0000e749      0x123 ./board/clock_config.o
 .debug_macro   0x0000e86c       0x1b ./board/peripherals.o
 .debug_macro   0x0000e887      0x107 ./board/pin_mux.o
 .debug_macro   0x0000e98e       0x10 ./board/pin_mux.o
 .debug_macro   0x0000e99e       0x94 ./CMSIS/system_MKL25Z4.o

.debug_line     0x00000000     0x8684
 .debug_line    0x00000000      0xca7 ./utilities/fsl_debug_console.o
 .debug_line    0x00000ca7      0x1ed ./startup/startup_mkl25z4.o
 .debug_line    0x00000e94      0x554 ./source/DigitalAngleGauge.o
 .debug_line    0x000013e8      0x4cf ./source/accel.o
 .debug_line    0x000018b7      0x401 ./source/cbfifo.o
 .debug_line    0x00001cb8      0x4ce ./source/cmd.o
 .debug_line    0x00002186      0x3d5 ./source/i2c.o
 .debug_line    0x0000255b      0x3c0 ./source/led.o
 .debug_line    0x0000291b       0xcd ./source/mtb.o
 .debug_line    0x000029e8       0x59 ./source/semihost_hardfault.o
 .debug_line    0x00002a41      0x34f ./source/systick.o
 .debug_line    0x00002d90      0x3f8 ./source/test_accel.o
 .debug_line    0x00003188      0xbe4 ./source/test_cbfifo.o
 .debug_line    0x00003d6c      0x36b ./source/test_led.o
 .debug_line    0x000040d7      0x45c ./source/uart.o
 .debug_line    0x00004533     0x1304 ./drivers/fsl_clock.o
 .debug_line    0x00005837      0x460 ./drivers/fsl_common.o
 .debug_line    0x00005c97      0xd7d ./drivers/fsl_lpsci.o
 .debug_line    0x00006a14      0xd6c ./drivers/fsl_uart.o
 .debug_line    0x00007780      0x3d4 ./board/board.o
 .debug_line    0x00007b54      0x411 ./board/clock_config.o
 .debug_line    0x00007f65       0x5c ./board/peripherals.o
 .debug_line    0x00007fc1      0x398 ./board/pin_mux.o
 .debug_line    0x00008359      0x32b ./CMSIS/system_MKL25Z4.o

.debug_str      0x00000000    0x366ed
 .debug_str     0x00000000    0x3139e ./utilities/fsl_debug_console.o
                              0x31647 (size before relaxing)
 .debug_str     0x0003139e      0x3cd ./startup/startup_mkl25z4.o
                               0x30e5 (size before relaxing)
 .debug_str     0x0003176b     0x102b ./source/DigitalAngleGauge.o
                              0x31558 (size before relaxing)
 .debug_str     0x00032796       0x7a ./source/accel.o
                              0x313da (size before relaxing)
 .debug_str     0x00032810      0x11b ./source/cbfifo.o
                              0x290bd (size before relaxing)
 .debug_str     0x0003292b      0x188 ./source/cmd.o
                              0x297c3 (size before relaxing)
 .debug_str     0x00032ab3      0x185 ./source/i2c.o
                              0x28f11 (size before relaxing)
 .debug_str     0x00032c38       0xe4 ./source/led.o
                              0x28e6e (size before relaxing)
 .debug_str     0x00032d1c      0x532 ./source/mtb.o
                               0x3205 (size before relaxing)
 .debug_str     0x0003324e       0x1f ./source/semihost_hardfault.o
                               0x2cf2 (size before relaxing)
 .debug_str     0x0003326d      0x2cb ./source/systick.o
                              0x28f88 (size before relaxing)
 .debug_str     0x00033538       0x80 ./source/test_accel.o
                              0x293bb (size before relaxing)
 .debug_str     0x000335b8       0x3f ./source/test_cbfifo.o
                              0x2934f (size before relaxing)
 .debug_str     0x000335f7       0x22 ./source/test_led.o
                              0x29332 (size before relaxing)
 .debug_str     0x00033619       0x80 ./source/uart.o
                              0x29112 (size before relaxing)
 .debug_str     0x00033699     0x1774 ./drivers/fsl_clock.o
                              0x321ba (size before relaxing)
 .debug_str     0x00034e0d       0xe1 ./drivers/fsl_common.o
                              0x30788 (size before relaxing)
 .debug_str     0x00034eee      0x95f ./drivers/fsl_lpsci.o
                              0x317a9 (size before relaxing)
 .debug_str     0x0003584d      0x832 ./drivers/fsl_uart.o
                              0x317cc (size before relaxing)
 .debug_str     0x0003607f       0x4c ./board/board.o
                              0x30f81 (size before relaxing)
 .debug_str     0x000360cb      0x3c1 ./board/clock_config.o
                              0x310eb (size before relaxing)
 .debug_str     0x0003648c       0x31 ./board/peripherals.o
                               0x2d03 (size before relaxing)
 .debug_str     0x000364bd      0x1e1 ./board/pin_mux.o
                              0x30832 (size before relaxing)
 .debug_str     0x0003669e       0x4f ./CMSIS/system_MKL25Z4.o
                              0x2fb34 (size before relaxing)

.comment        0x00000000       0x49
 .comment       0x00000000       0x49 ./utilities/fsl_debug_console.o
                                 0x4a (size before relaxing)
 .comment       0x00000049       0x4a ./startup/startup_mkl25z4.o
 .comment       0x00000049       0x4a ./source/DigitalAngleGauge.o
 .comment       0x00000049       0x4a ./source/accel.o
 .comment       0x00000049       0x4a ./source/cbfifo.o
 .comment       0x00000049       0x4a ./source/cmd.o
 .comment       0x00000049       0x4a ./source/i2c.o
 .comment       0x00000049       0x4a ./source/led.o
 .comment       0x00000049       0x4a ./source/mtb.o
 .comment       0x00000049       0x4a ./source/semihost_hardfault.o
 .comment       0x00000049       0x4a ./source/systick.o
 .comment       0x00000049       0x4a ./source/test_accel.o
 .comment       0x00000049       0x4a ./source/test_cbfifo.o
 .comment       0x00000049       0x4a ./source/test_led.o
 .comment       0x00000049       0x4a ./source/uart.o
 .comment       0x00000049       0x4a ./drivers/fsl_clock.o
 .comment       0x00000049       0x4a ./drivers/fsl_common.o
 .comment       0x00000049       0x4a ./drivers/fsl_lpsci.o
 .comment       0x00000049       0x4a ./drivers/fsl_uart.o
 .comment       0x00000049       0x4a ./board/board.o
 .comment       0x00000049       0x4a ./board/clock_config.o
 .comment       0x00000049       0x4a ./board/peripherals.o
 .comment       0x00000049       0x4a ./board/pin_mux.o
 .comment       0x00000049       0x4a ./CMSIS/system_MKL25Z4.o
 .comment       0x00000049       0x4a d:/mcuxpressoide_11.6.0_8187/ide/plugins/com.nxp.mcuxpresso.tools.win32_11.6.0.202112161359/tools/bin/../lib/gcc/arm-none-eabi/10.3.1/../../../../arm-none-eabi/lib/thumb/v6-m/nofp\libcr_nohost_nf.a(__ciob.o)
 .comment       0x00000049       0x4a d:/mcuxpressoide_11.6.0_8187/ide/plugins/com.nxp.mcuxpresso.tools.win32_11.6.0.202112161359/tools/bin/../lib/gcc/arm-none-eabi/10.3.1/../../../../arm-none-eabi/lib/thumb/v6-m/nofp\libcr_nohost_nf.a(_cr__main.o)
 .comment       0x00000049       0x4a d:/mcuxpressoide_11.6.0_8187/ide/plugins/com.nxp.mcuxpresso.tools.win32_11.6.0.202112161359/tools/bin/../lib/gcc/arm-none-eabi/10.3.1/../../../../arm-none-eabi/lib/thumb/v6-m/nofp\libcr_c.a(memset.o)
 .comment       0x00000049       0x4a d:/mcuxpressoide_11.6.0_8187/ide/plugins/com.nxp.mcuxpresso.tools.win32_11.6.0.202112161359/tools/bin/../lib/gcc/arm-none-eabi/10.3.1/../../../../arm-none-eabi/lib/thumb/v6-m/nofp\libcr_c.a(__fillbuf.o)
 .comment       0x00000049       0x4a d:/mcuxpressoide_11.6.0_8187/ide/plugins/com.nxp.mcuxpresso.tools.win32_11.6.0.202112161359/tools/bin/../lib/gcc/arm-none-eabi/10.3.1/../../../../arm-none-eabi/lib/thumb/v6-m/nofp\libcr_c.a(_deferredlazyseek.o)
 .comment       0x00000049       0x4a d:/mcuxpressoide_11.6.0_8187/ide/plugins/com.nxp.mcuxpresso.tools.win32_11.6.0.202112161359/tools/bin/../lib/gcc/arm-none-eabi/10.3.1/../../../../arm-none-eabi/lib/thumb/v6-m/nofp\libcr_c.a(_fflush.o)
 .comment       0x00000049       0x4a d:/mcuxpressoide_11.6.0_8187/ide/plugins/com.nxp.mcuxpresso.tools.win32_11.6.0.202112161359/tools/bin/../lib/gcc/arm-none-eabi/10.3.1/../../../../arm-none-eabi/lib/thumb/v6-m/nofp\libcr_c.a(_writebuf.o)
 .comment       0x00000049       0x4a d:/mcuxpressoide_11.6.0_8187/ide/plugins/com.nxp.mcuxpresso.tools.win32_11.6.0.202112161359/tools/bin/../lib/gcc/arm-none-eabi/10.3.1/../../../../arm-none-eabi/lib/thumb/v6-m/nofp\libcr_c.a(acos.o)
 .comment       0x00000049       0x4a d:/mcuxpressoide_11.6.0_8187/ide/plugins/com.nxp.mcuxpresso.tools.win32_11.6.0.202112161359/tools/bin/../lib/gcc/arm-none-eabi/10.3.1/../../../../arm-none-eabi/lib/thumb/v6-m/nofp\libcr_c.a(alloc.o)
 .comment       0x00000049       0x4a d:/mcuxpressoide_11.6.0_8187/ide/plugins/com.nxp.mcuxpresso.tools.win32_11.6.0.202112161359/tools/bin/../lib/gcc/arm-none-eabi/10.3.1/../../../../arm-none-eabi/lib/thumb/v6-m/nofp\libcr_c.a(fabs.o)
 .comment       0x00000049       0x4a d:/mcuxpressoide_11.6.0_8187/ide/plugins/com.nxp.mcuxpresso.tools.win32_11.6.0.202112161359/tools/bin/../lib/gcc/arm-none-eabi/10.3.1/../../../../arm-none-eabi/lib/thumb/v6-m/nofp\libcr_c.a(fseek.o)
 .comment       0x00000049       0x4a d:/mcuxpressoide_11.6.0_8187/ide/plugins/com.nxp.mcuxpresso.tools.win32_11.6.0.202112161359/tools/bin/../lib/gcc/arm-none-eabi/10.3.1/../../../../arm-none-eabi/lib/thumb/v6-m/nofp\libcr_c.a(ftell.o)
 .comment       0x00000049       0x4a d:/mcuxpressoide_11.6.0_8187/ide/plugins/com.nxp.mcuxpresso.tools.win32_11.6.0.202112161359/tools/bin/../lib/gcc/arm-none-eabi/10.3.1/../../../../arm-none-eabi/lib/thumb/v6-m/nofp\libcr_c.a(initio.o)
 .comment       0x00000049       0x4a d:/mcuxpressoide_11.6.0_8187/ide/plugins/com.nxp.mcuxpresso.tools.win32_11.6.0.202112161359/tools/bin/../lib/gcc/arm-none-eabi/10.3.1/../../../../arm-none-eabi/lib/thumb/v6-m/nofp\libcr_c.a(printf.o)
 .comment       0x00000049       0x4a d:/mcuxpressoide_11.6.0_8187/ide/plugins/com.nxp.mcuxpresso.tools.win32_11.6.0.202112161359/tools/bin/../lib/gcc/arm-none-eabi/10.3.1/../../../../arm-none-eabi/lib/thumb/v6-m/nofp\libcr_c.a(scanf.o)
 .comment       0x00000049       0x4a d:/mcuxpressoide_11.6.0_8187/ide/plugins/com.nxp.mcuxpresso.tools.win32_11.6.0.202112161359/tools/bin/../lib/gcc/arm-none-eabi/10.3.1/../../../../arm-none-eabi/lib/thumb/v6-m/nofp\libcr_c.a(setvbuf.o)
 .comment       0x00000049       0x4a d:/mcuxpressoide_11.6.0_8187/ide/plugins/com.nxp.mcuxpresso.tools.win32_11.6.0.202112161359/tools/bin/../lib/gcc/arm-none-eabi/10.3.1/../../../../arm-none-eabi/lib/thumb/v6-m/nofp\libcr_c.a(sqrt.o)
 .comment       0x00000049       0x4a d:/mcuxpressoide_11.6.0_8187/ide/plugins/com.nxp.mcuxpresso.tools.win32_11.6.0.202112161359/tools/bin/../lib/gcc/arm-none-eabi/10.3.1/../../../../arm-none-eabi/lib/thumb/v6-m/nofp\libcr_c.a(strcasecmp.o)
 .comment       0x00000049       0x4a d:/mcuxpressoide_11.6.0_8187/ide/plugins/com.nxp.mcuxpresso.tools.win32_11.6.0.202112161359/tools/bin/../lib/gcc/arm-none-eabi/10.3.1/../../../../arm-none-eabi/lib/thumb/v6-m/nofp\libcr_c.a(strlen.o)
 .comment       0x00000049       0x4a d:/mcuxpressoide_11.6.0_8187/ide/plugins/com.nxp.mcuxpresso.tools.win32_11.6.0.202112161359/tools/bin/../lib/gcc/arm-none-eabi/10.3.1/../../../../arm-none-eabi/lib/thumb/v6-m/nofp\libcr_c.a(strncmp.o)
 .comment       0x00000049       0x4a d:/mcuxpressoide_11.6.0_8187/ide/plugins/com.nxp.mcuxpresso.tools.win32_11.6.0.202112161359/tools/bin/../lib/gcc/arm-none-eabi/10.3.1/../../../../arm-none-eabi/lib/thumb/v6-m/nofp\libcr_c.a(ungetc.o)
 .comment       0x00000049       0x4a d:/mcuxpressoide_11.6.0_8187/ide/plugins/com.nxp.mcuxpresso.tools.win32_11.6.0.202112161359/tools/bin/../lib/gcc/arm-none-eabi/10.3.1/../../../../arm-none-eabi/lib/thumb/v6-m/nofp\libcr_c.a(__init_alloc.o)
 .comment       0x00000049       0x4a d:/mcuxpressoide_11.6.0_8187/ide/plugins/com.nxp.mcuxpresso.tools.win32_11.6.0.202112161359/tools/bin/../lib/gcc/arm-none-eabi/10.3.1/../../../../arm-none-eabi/lib/thumb/v6-m/nofp\libcr_c.a(_asinacos.o)
 .comment       0x00000049       0x4a d:/mcuxpressoide_11.6.0_8187/ide/plugins/com.nxp.mcuxpresso.tools.win32_11.6.0.202112161359/tools/bin/../lib/gcc/arm-none-eabi/10.3.1/../../../../arm-none-eabi/lib/thumb/v6-m/nofp\libcr_c.a(_cr_sbrk.o)
 .comment       0x00000049       0x4a d:/mcuxpressoide_11.6.0_8187/ide/plugins/com.nxp.mcuxpresso.tools.win32_11.6.0.202112161359/tools/bin/../lib/gcc/arm-none-eabi/10.3.1/../../../../arm-none-eabi/lib/thumb/v6-m/nofp\libcr_c.a(_fdopen.o)
 .comment       0x00000049       0x4a d:/mcuxpressoide_11.6.0_8187/ide/plugins/com.nxp.mcuxpresso.tools.win32_11.6.0.202112161359/tools/bin/../lib/gcc/arm-none-eabi/10.3.1/../../../../arm-none-eabi/lib/thumb/v6-m/nofp\libcr_c.a(_frexpl.o)
 .comment       0x00000049       0x4a d:/mcuxpressoide_11.6.0_8187/ide/plugins/com.nxp.mcuxpresso.tools.win32_11.6.0.202112161359/tools/bin/../lib/gcc/arm-none-eabi/10.3.1/../../../../arm-none-eabi/lib/thumb/v6-m/nofp\libcr_c.a(_ldexpl.o)
 .comment       0x00000049       0x4a d:/mcuxpressoide_11.6.0_8187/ide/plugins/com.nxp.mcuxpresso.tools.win32_11.6.0.202112161359/tools/bin/../lib/gcc/arm-none-eabi/10.3.1/../../../../arm-none-eabi/lib/thumb/v6-m/nofp\libcr_c.a(ctype.o)
 .comment       0x00000049       0x4a d:/mcuxpressoide_11.6.0_8187/ide/plugins/com.nxp.mcuxpresso.tools.win32_11.6.0.202112161359/tools/bin/../lib/gcc/arm-none-eabi/10.3.1/../../../../arm-none-eabi/lib/thumb/v6-m/nofp\libcr_c.a(errno.o)
 .comment       0x00000049       0x4a d:/mcuxpressoide_11.6.0_8187/ide/plugins/com.nxp.mcuxpresso.tools.win32_11.6.0.202112161359/tools/bin/../lib/gcc/arm-none-eabi/10.3.1/../../../../arm-none-eabi/lib/thumb/v6-m/nofp\libcr_c.a(fclose.o)
 .comment       0x00000049       0x4a d:/mcuxpressoide_11.6.0_8187/ide/plugins/com.nxp.mcuxpresso.tools.win32_11.6.0.202112161359/tools/bin/../lib/gcc/arm-none-eabi/10.3.1/../../../../arm-none-eabi/lib/thumb/v6-m/nofp\libcr_c.a(fflush.o)
 .comment       0x00000049       0x4a d:/mcuxpressoide_11.6.0_8187/ide/plugins/com.nxp.mcuxpresso.tools.win32_11.6.0.202112161359/tools/bin/../lib/gcc/arm-none-eabi/10.3.1/../../../../arm-none-eabi/lib/thumb/v6-m/nofp\libcr_c.a(remove.o)
 .comment       0x00000049       0x4a d:/mcuxpressoide_11.6.0_8187/ide/plugins/com.nxp.mcuxpresso.tools.win32_11.6.0.202112161359/tools/bin/../lib/gcc/arm-none-eabi/10.3.1/../../../../arm-none-eabi/lib/thumb/v6-m/nofp\libcr_c.a(_cr_check_heap.o)
 .comment       0x00000049       0x4a d:/mcuxpressoide_11.6.0_8187/ide/plugins/com.nxp.mcuxpresso.tools.win32_11.6.0.202112161359/tools/bin/../lib/gcc/arm-none-eabi/10.3.1/../../../../arm-none-eabi/lib/thumb/v6-m/nofp\libcr_c.a(_do_fflush.o)
 .comment       0x00000049       0x4a d:/mcuxpressoide_11.6.0_8187/ide/plugins/com.nxp.mcuxpresso.tools.win32_11.6.0.202112161359/tools/bin/../lib/gcc/arm-none-eabi/10.3.1/thumb/v6-m/nofp\libcr_eabihelpers.a(double.o)
 .comment       0x00000049       0x4a d:/mcuxpressoide_11.6.0_8187/ide/plugins/com.nxp.mcuxpresso.tools.win32_11.6.0.202112161359/tools/bin/../lib/gcc/arm-none-eabi/10.3.1/thumb/v6-m/nofp\libcr_eabihelpers.a(float.o)
 .comment       0x00000049       0x4a d:/mcuxpressoide_11.6.0_8187/ide/plugins/com.nxp.mcuxpresso.tools.win32_11.6.0.202112161359/tools/bin/../lib/gcc/arm-none-eabi/10.3.1/../../../../arm-none-eabi/lib/thumb/v6-m/nofp\libcr_nohost_nf.a(__sys_appexit.o)
 .comment       0x00000049       0x4a d:/mcuxpressoide_11.6.0_8187/ide/plugins/com.nxp.mcuxpresso.tools.win32_11.6.0.202112161359/tools/bin/../lib/gcc/arm-none-eabi/10.3.1/../../../../arm-none-eabi/lib/thumb/v6-m/nofp\libcr_nohost_nf.a(__sys_close.o)
 .comment       0x00000049       0x4a d:/mcuxpressoide_11.6.0_8187/ide/plugins/com.nxp.mcuxpresso.tools.win32_11.6.0.202112161359/tools/bin/../lib/gcc/arm-none-eabi/10.3.1/../../../../arm-none-eabi/lib/thumb/v6-m/nofp\libcr_nohost_nf.a(__sys_flen.o)
 .comment       0x00000049       0x4a d:/mcuxpressoide_11.6.0_8187/ide/plugins/com.nxp.mcuxpresso.tools.win32_11.6.0.202112161359/tools/bin/../lib/gcc/arm-none-eabi/10.3.1/../../../../arm-none-eabi/lib/thumb/v6-m/nofp\libcr_nohost_nf.a(__sys_istty.o)
 .comment       0x00000049       0x4a d:/mcuxpressoide_11.6.0_8187/ide/plugins/com.nxp.mcuxpresso.tools.win32_11.6.0.202112161359/tools/bin/../lib/gcc/arm-none-eabi/10.3.1/../../../../arm-none-eabi/lib/thumb/v6-m/nofp\libcr_nohost_nf.a(__sys_read.o)
 .comment       0x00000049       0x4a d:/mcuxpressoide_11.6.0_8187/ide/plugins/com.nxp.mcuxpresso.tools.win32_11.6.0.202112161359/tools/bin/../lib/gcc/arm-none-eabi/10.3.1/../../../../arm-none-eabi/lib/thumb/v6-m/nofp\libcr_nohost_nf.a(__sys_remove.o)
 .comment       0x00000049       0x4a d:/mcuxpressoide_11.6.0_8187/ide/plugins/com.nxp.mcuxpresso.tools.win32_11.6.0.202112161359/tools/bin/../lib/gcc/arm-none-eabi/10.3.1/../../../../arm-none-eabi/lib/thumb/v6-m/nofp\libcr_nohost_nf.a(__sys_seek.o)
 .comment       0x00000049       0x4a d:/mcuxpressoide_11.6.0_8187/ide/plugins/com.nxp.mcuxpresso.tools.win32_11.6.0.202112161359/tools/bin/../lib/gcc/arm-none-eabi/10.3.1/../../../../arm-none-eabi/lib/thumb/v6-m/nofp\libcr_nohost_nf.a(__sys_tmpnam.o)

.ARM.attributes
                0x00000000       0x2a
 .ARM.attributes
                0x00000000       0x2c ./utilities/fsl_debug_console.o
 .ARM.attributes
                0x0000002c       0x2c ./startup/startup_mkl25z4.o
 .ARM.attributes
                0x00000058       0x2c ./source/DigitalAngleGauge.o
 .ARM.attributes
                0x00000084       0x2c ./source/accel.o
 .ARM.attributes
                0x000000b0       0x2c ./source/cbfifo.o
 .ARM.attributes
                0x000000dc       0x2c ./source/cmd.o
 .ARM.attributes
                0x00000108       0x2c ./source/i2c.o
 .ARM.attributes
                0x00000134       0x2c ./source/led.o
 .ARM.attributes
                0x00000160       0x2c ./source/mtb.o
 .ARM.attributes
                0x0000018c       0x2c ./source/semihost_hardfault.o
 .ARM.attributes
                0x000001b8       0x2c ./source/systick.o
 .ARM.attributes
                0x000001e4       0x2c ./source/test_accel.o
 .ARM.attributes
                0x00000210       0x2c ./source/test_cbfifo.o
 .ARM.attributes
                0x0000023c       0x2c ./source/test_led.o
 .ARM.attributes
                0x00000268       0x2c ./source/uart.o
 .ARM.attributes
                0x00000294       0x2c ./drivers/fsl_clock.o
 .ARM.attributes
                0x000002c0       0x2c ./drivers/fsl_common.o
 .ARM.attributes
                0x000002ec       0x2c ./drivers/fsl_lpsci.o
 .ARM.attributes
                0x00000318       0x2c ./drivers/fsl_uart.o
 .ARM.attributes
                0x00000344       0x2c ./board/board.o
 .ARM.attributes
                0x00000370       0x2c ./board/clock_config.o
 .ARM.attributes
                0x0000039c       0x2c ./board/peripherals.o
 .ARM.attributes
                0x000003c8       0x2c ./board/pin_mux.o
 .ARM.attributes
                0x000003f4       0x2c ./CMSIS/system_MKL25Z4.o
 .ARM.attributes
                0x00000420       0x2c d:/mcuxpressoide_11.6.0_8187/ide/plugins/com.nxp.mcuxpresso.tools.win32_11.6.0.202112161359/tools/bin/../lib/gcc/arm-none-eabi/10.3.1/../../../../arm-none-eabi/lib/thumb/v6-m/nofp\libcr_nohost_nf.a(__ciob.o)
 .ARM.attributes
                0x0000044c       0x2c d:/mcuxpressoide_11.6.0_8187/ide/plugins/com.nxp.mcuxpresso.tools.win32_11.6.0.202112161359/tools/bin/../lib/gcc/arm-none-eabi/10.3.1/../../../../arm-none-eabi/lib/thumb/v6-m/nofp\libcr_nohost_nf.a(_cr__main.o)
 .ARM.attributes
                0x00000478       0x2c d:/mcuxpressoide_11.6.0_8187/ide/plugins/com.nxp.mcuxpresso.tools.win32_11.6.0.202112161359/tools/bin/../lib/gcc/arm-none-eabi/10.3.1/../../../../arm-none-eabi/lib/thumb/v6-m/nofp\libcr_c.a(memset.o)
 .ARM.attributes
                0x000004a4       0x2c d:/mcuxpressoide_11.6.0_8187/ide/plugins/com.nxp.mcuxpresso.tools.win32_11.6.0.202112161359/tools/bin/../lib/gcc/arm-none-eabi/10.3.1/../../../../arm-none-eabi/lib/thumb/v6-m/nofp\libcr_c.a(__fillbuf.o)
 .ARM.attributes
                0x000004d0       0x2c d:/mcuxpressoide_11.6.0_8187/ide/plugins/com.nxp.mcuxpresso.tools.win32_11.6.0.202112161359/tools/bin/../lib/gcc/arm-none-eabi/10.3.1/../../../../arm-none-eabi/lib/thumb/v6-m/nofp\libcr_c.a(_deferredlazyseek.o)
 .ARM.attributes
                0x000004fc       0x2c d:/mcuxpressoide_11.6.0_8187/ide/plugins/com.nxp.mcuxpresso.tools.win32_11.6.0.202112161359/tools/bin/../lib/gcc/arm-none-eabi/10.3.1/../../../../arm-none-eabi/lib/thumb/v6-m/nofp\libcr_c.a(_fflush.o)
 .ARM.attributes
                0x00000528       0x2c d:/mcuxpressoide_11.6.0_8187/ide/plugins/com.nxp.mcuxpresso.tools.win32_11.6.0.202112161359/tools/bin/../lib/gcc/arm-none-eabi/10.3.1/../../../../arm-none-eabi/lib/thumb/v6-m/nofp\libcr_c.a(_writebuf.o)
 .ARM.attributes
                0x00000554       0x2c d:/mcuxpressoide_11.6.0_8187/ide/plugins/com.nxp.mcuxpresso.tools.win32_11.6.0.202112161359/tools/bin/../lib/gcc/arm-none-eabi/10.3.1/../../../../arm-none-eabi/lib/thumb/v6-m/nofp\libcr_c.a(acos.o)
 .ARM.attributes
                0x00000580       0x2c d:/mcuxpressoide_11.6.0_8187/ide/plugins/com.nxp.mcuxpresso.tools.win32_11.6.0.202112161359/tools/bin/../lib/gcc/arm-none-eabi/10.3.1/../../../../arm-none-eabi/lib/thumb/v6-m/nofp\libcr_c.a(alloc.o)
 .ARM.attributes
                0x000005ac       0x2c d:/mcuxpressoide_11.6.0_8187/ide/plugins/com.nxp.mcuxpresso.tools.win32_11.6.0.202112161359/tools/bin/../lib/gcc/arm-none-eabi/10.3.1/../../../../arm-none-eabi/lib/thumb/v6-m/nofp\libcr_c.a(fabs.o)
 .ARM.attributes
                0x000005d8       0x2c d:/mcuxpressoide_11.6.0_8187/ide/plugins/com.nxp.mcuxpresso.tools.win32_11.6.0.202112161359/tools/bin/../lib/gcc/arm-none-eabi/10.3.1/../../../../arm-none-eabi/lib/thumb/v6-m/nofp\libcr_c.a(fseek.o)
 .ARM.attributes
                0x00000604       0x2c d:/mcuxpressoide_11.6.0_8187/ide/plugins/com.nxp.mcuxpresso.tools.win32_11.6.0.202112161359/tools/bin/../lib/gcc/arm-none-eabi/10.3.1/../../../../arm-none-eabi/lib/thumb/v6-m/nofp\libcr_c.a(ftell.o)
 .ARM.attributes
                0x00000630       0x2c d:/mcuxpressoide_11.6.0_8187/ide/plugins/com.nxp.mcuxpresso.tools.win32_11.6.0.202112161359/tools/bin/../lib/gcc/arm-none-eabi/10.3.1/../../../../arm-none-eabi/lib/thumb/v6-m/nofp\libcr_c.a(initio.o)
 .ARM.attributes
                0x0000065c       0x2c d:/mcuxpressoide_11.6.0_8187/ide/plugins/com.nxp.mcuxpresso.tools.win32_11.6.0.202112161359/tools/bin/../lib/gcc/arm-none-eabi/10.3.1/../../../../arm-none-eabi/lib/thumb/v6-m/nofp\libcr_c.a(printf.o)
 .ARM.attributes
                0x00000688       0x2c d:/mcuxpressoide_11.6.0_8187/ide/plugins/com.nxp.mcuxpresso.tools.win32_11.6.0.202112161359/tools/bin/../lib/gcc/arm-none-eabi/10.3.1/../../../../arm-none-eabi/lib/thumb/v6-m/nofp\libcr_c.a(scanf.o)
 .ARM.attributes
                0x000006b4       0x2c d:/mcuxpressoide_11.6.0_8187/ide/plugins/com.nxp.mcuxpresso.tools.win32_11.6.0.202112161359/tools/bin/../lib/gcc/arm-none-eabi/10.3.1/../../../../arm-none-eabi/lib/thumb/v6-m/nofp\libcr_c.a(setvbuf.o)
 .ARM.attributes
                0x000006e0       0x2c d:/mcuxpressoide_11.6.0_8187/ide/plugins/com.nxp.mcuxpresso.tools.win32_11.6.0.202112161359/tools/bin/../lib/gcc/arm-none-eabi/10.3.1/../../../../arm-none-eabi/lib/thumb/v6-m/nofp\libcr_c.a(sqrt.o)
 .ARM.attributes
                0x0000070c       0x2c d:/mcuxpressoide_11.6.0_8187/ide/plugins/com.nxp.mcuxpresso.tools.win32_11.6.0.202112161359/tools/bin/../lib/gcc/arm-none-eabi/10.3.1/../../../../arm-none-eabi/lib/thumb/v6-m/nofp\libcr_c.a(strcasecmp.o)
 .ARM.attributes
                0x00000738       0x2c d:/mcuxpressoide_11.6.0_8187/ide/plugins/com.nxp.mcuxpresso.tools.win32_11.6.0.202112161359/tools/bin/../lib/gcc/arm-none-eabi/10.3.1/../../../../arm-none-eabi/lib/thumb/v6-m/nofp\libcr_c.a(strlen.o)
 .ARM.attributes
                0x00000764       0x2c d:/mcuxpressoide_11.6.0_8187/ide/plugins/com.nxp.mcuxpresso.tools.win32_11.6.0.202112161359/tools/bin/../lib/gcc/arm-none-eabi/10.3.1/../../../../arm-none-eabi/lib/thumb/v6-m/nofp\libcr_c.a(strncmp.o)
 .ARM.attributes
                0x00000790       0x2c d:/mcuxpressoide_11.6.0_8187/ide/plugins/com.nxp.mcuxpresso.tools.win32_11.6.0.202112161359/tools/bin/../lib/gcc/arm-none-eabi/10.3.1/../../../../arm-none-eabi/lib/thumb/v6-m/nofp\libcr_c.a(ungetc.o)
 .ARM.attributes